03:34:34 VIRAT run: 50 clips (4 excluded), 9 arms, frames 300..599 (min 150), 7 CPU workers, free disk 44.6 GB, runner commit 7eb3f8a
03:34:39 VIRAT_S_000205_02_000409_000566 loaded 300 frames from 300 1280x720 @ 30 (mpeg4_~8.4Mbps) in 1.9s
03:34:39 VIRAT_S_000206_08_001618_001712 loaded 300 frames from 300 1280x720 @ 30 (mpeg4_~8.4Mbps) in 1.9s
03:34:39 VIRAT_S_000207_04_000902_000934 loaded 300 frames from 300 1280x720 @ 30 (mpeg4_~8.4Mbps) in 1.9s
03:34:39 VIRAT_S_000207_00_000000_000045 loaded 300 frames from 300 1280x720 @ 30 (mpeg4_~8.4Mbps) in 2.0s
03:34:39 VIRAT_S_000207_01_000094_000156 loaded 300 frames from 300 1280x720 @ 30 (mpeg4_~8.4Mbps) in 2.0s
03:34:39 VIRAT_S_000206_07_001501_001600 loaded 300 frames from 300 1280x720 @ 30 (mpeg4_~8.4Mbps) in 2.0s
03:34:39 VIRAT_S_000207_03_000556_000590 loaded 300 frames from 300 1280x720 @ 30 (mpeg4_~8.4Mbps) in 2.0s
03:34:57 VIRAT_S_000205_02_000409_000566 nvenc_qp18                 9473 kbps PSNR 45.00 sl 1-1 thr None/None QP I/P/B 14.0/18.0/  - I/P/B 2/298/0 18.2s
03:35:11 VIRAT_S_000205_02_000409_000566 nvenc_qp23                 2603 kbps PSNR 41.26 sl 1-1 thr None/None QP I/P/B 18.0/23.0/  - I/P/B 2/298/0 13.7s
03:35:22 VIRAT_S_000205_02_000409_000566 nvenc_qp28                  540 kbps PSNR 39.01 sl 1-1 thr None/None QP I/P/B 22.0/28.0/  - I/P/B 2/298/0 11.8s
03:35:35 VIRAT_S_000207_03_000556_000590 x264_crf12                12337 kbps PSNR 49.51 sl 1-1 thr 1/0 QP I/P/B 10.0/11.7/  - I/P/B 2/298/0 47.5s
03:35:35 VIRAT_S_000207_04_000902_000934 x264_crf12                12390 kbps PSNR 49.49 sl 1-1 thr 1/0 QP I/P/B  9.9/11.7/  - I/P/B 2/298/0 47.8s
03:35:36 VIRAT_S_000205_02_000409_000566 nvenc_qp45                   62 kbps PSNR 33.48 sl 1-1 thr None/None QP I/P/B 36.0/45.0/  - I/P/B 2/298/0 13.6s
03:35:36 VIRAT_S_000207_01_000094_000156 x264_crf12                12554 kbps PSNR 49.36 sl 1-1 thr 1/0 QP I/P/B 10.2/11.8/  - I/P/B 2/298/0 48.6s
03:35:37 VIRAT_S_000207_00_000000_000045 x264_crf12                12919 kbps PSNR 49.28 sl 1-1 thr 1/0 QP I/P/B 10.3/12.0/  - I/P/B 2/298/0 49.4s
03:35:39 VIRAT_S_000206_08_001618_001712 x264_crf12                13044 kbps PSNR 49.04 sl 1-1 thr 1/0 QP I/P/B 10.4/12.1/  - I/P/B 2/298/0 51.1s
03:35:40 VIRAT_S_000205_02_000409_000566 x264_crf12                13575 kbps PSNR 48.79 sl 1-1 thr 1/0 QP I/P/B 10.7/12.4/  - I/P/B 2/298/0 51.4s
03:35:40 VIRAT_S_000206_07_001501_001600 x264_crf12                12961 kbps PSNR 49.16 sl 1-1 thr 1/0 QP I/P/B 10.3/12.1/  - I/P/B 2/298/0 51.5s
03:35:50 VIRAT_S_000205_02_000409_000566 nvenc_qp28_bf2_bqeq         593 kbps PSNR 39.11 sl 1-1 thr None/None QP I/P/B 22.0/28.0/28.0 I/P/B 2/100/198 14.0s
03:35:52 VIRAT_S_000207_04_000902_000934 x264_crf45                   36 kbps PSNR 28.63 sl 1-1 thr 1/0 QP I/P/B 42.9/43.3/  - I/P/B 2/298/0 16.4s
03:35:52 VIRAT_S_000207_03_000556_000590 x264_crf45                   34 kbps PSNR 28.55 sl 1-1 thr 1/0 QP I/P/B 42.9/42.4/  - I/P/B 2/298/0 16.6s
03:35:53 VIRAT_S_000207_01_000094_000156 x264_crf45                   34 kbps PSNR 28.53 sl 1-1 thr 1/0 QP I/P/B 43.1/42.5/  - I/P/B 2/298/0 16.4s
03:35:54 VIRAT_S_000207_00_000000_000045 x264_crf45                   33 kbps PSNR 28.44 sl 1-1 thr 1/0 QP I/P/B 43.3/43.7/  - I/P/B 2/298/0 16.4s
03:35:56 VIRAT_S_000206_08_001618_001712 x264_crf45                   50 kbps PSNR 28.41 sl 1-1 thr 1/0 QP I/P/B 43.4/43.7/  - I/P/B 2/298/0 16.6s
03:35:56 VIRAT_S_000205_02_000409_000566 x264_crf45                   27 kbps PSNR 28.04 sl 1-1 thr 1/0 QP I/P/B 43.6/41.1/  - I/P/B 2/298/0 16.2s
03:35:56 VIRAT_S_000206_07_001501_001600 x264_crf45                   43 kbps PSNR 28.75 sl 1-1 thr 1/0 QP I/P/B 43.2/43.1/  - I/P/B 2/298/0 16.5s
03:36:09 VIRAT_S_000207_04_000902_000934 x264_qp24                   785 kbps PSNR 41.19 sl 1-1 thr 1/0 QP I/P/B 21.0/24.0/  - I/P/B 2/298/0 17.7s
03:36:10 VIRAT_S_000207_03_000556_000590 x264_qp24                   768 kbps PSNR 41.05 sl 1-1 thr 1/0 QP I/P/B 21.0/24.0/  - I/P/B 2/298/0 17.9s
03:36:11 VIRAT_S_000206_07_001501_001600 nvenc_qp18                 6909 kbps PSNR 45.13 sl 1-1 thr None/None QP I/P/B 14.0/18.0/  - I/P/B 2/298/0 17.4s
03:36:11 VIRAT_S_000207_01_000094_000156 x264_qp24                   775 kbps PSNR 41.00 sl 1-1 thr 1/0 QP I/P/B 21.0/24.0/  - I/P/B 2/298/0 17.9s
03:36:13 VIRAT_S_000207_00_000000_000045 x264_qp24                  1018 kbps PSNR 40.93 sl 1-1 thr 1/0 QP I/P/B 21.0/24.0/  - I/P/B 2/298/0 18.9s
03:36:16 VIRAT_S_000206_07_001501_001600 x264_qp24                  1133 kbps PSNR 41.20 sl 1-1 thr 1/0 QP I/P/B 21.0/24.0/  - I/P/B 2/298/0 19.7s
03:36:16 VIRAT_S_000206_08_001618_001712 x264_qp24                  1348 kbps PSNR 41.11 sl 1-1 thr 1/0 QP I/P/B 21.0/24.0/  - I/P/B 2/298/0 20.3s
03:36:20 VIRAT_S_000205_02_000409_000566 x264_qp24                  2169 kbps PSNR 40.74 sl 1-1 thr 1/0 QP I/P/B 21.0/24.0/  - I/P/B 2/298/0 24.2s
03:36:23 VIRAT_S_000206_07_001501_001600 nvenc_qp23                 1341 kbps PSNR 41.68 sl 1-1 thr None/None QP I/P/B 18.0/23.0/  - I/P/B 2/298/0 12.0s
03:36:33 VIRAT_S_000207_04_000902_000934 x264_qp24_bf2_pb1           753 kbps PSNR 41.17 sl 1-1 thr 1/0 QP I/P/B 21.0/24.0/24.0 I/P/B 2/100/198 23.1s
03:36:33 VIRAT_S_000207_04_000902_000934 CPU arms done (172s elapsed)
03:36:34 VIRAT_S_000207_03_000556_000590 x264_qp24_bf2_pb1           752 kbps PSNR 41.03 sl 1-1 thr 1/0 QP I/P/B 21.0/24.0/24.0 I/P/B 2/100/198 24.0s
03:36:34 VIRAT_S_000207_03_000556_000590 CPU arms done (173s elapsed)
03:36:35 VIRAT_S_000207_01_000094_000156 x264_qp24_bf2_pb1           742 kbps PSNR 40.97 sl 1-1 thr 1/0 QP I/P/B 21.0/24.0/24.0 I/P/B 2/100/198 23.8s
03:36:35 VIRAT_S_000207_01_000094_000156 CPU arms done (174s elapsed)
03:36:35 VIRAT_S_000206_07_001501_001600 nvenc_qp28                  436 kbps PSNR 40.10 sl 1-1 thr None/None QP I/P/B 22.0/28.0/  - I/P/B 2/298/0 12.3s
03:36:36 VIRAT_S_000207_05_001125_001193 loaded 300 frames from 300 1280x720 @ 30 (mpeg4_~8.4Mbps) in 2.2s
03:36:37 VIRAT_S_010000_00_000000_000165 loaded 300 frames from 300 1280x720 @ 2397/100 (h264_~1Mbps) in 2.1s
03:36:37 VIRAT_S_000207_00_000000_000045 x264_qp24_bf2_pb1           945 kbps PSNR 40.93 sl 1-1 thr 1/0 QP I/P/B 21.0/24.0/24.0 I/P/B 2/100/198 24.4s
03:36:37 VIRAT_S_000207_00_000000_000045 CPU arms done (176s elapsed)
03:36:38 VIRAT_S_010000_01_000184_000324 loaded 300 frames from 300 1280x720 @ 2397/100 (h264_~1Mbps) in 2.2s
03:36:40 VIRAT_S_010000_02_000388_000421 loaded 292 frames from 300 1280x720 @ 2397/100 (h264_~1Mbps) in 2.3s
03:36:42 VIRAT_S_000206_07_001501_001600 x264_qp24_bf2_pb1          1094 kbps PSNR 41.18 sl 1-1 thr 1/0 QP I/P/B 21.0/24.0/24.0 I/P/B 2/100/198 25.8s
03:36:42 VIRAT_S_000206_07_001501_001600 CPU arms done (181s elapsed)
03:36:42 VIRAT_S_000206_08_001618_001712 x264_qp24_bf2_pb1          1246 kbps PSNR 41.06 sl 1-1 thr 1/0 QP I/P/B 21.0/24.0/24.0 I/P/B 2/100/198 26.4s
03:36:43 VIRAT_S_000206_08_001618_001712 CPU arms done (182s elapsed)
03:36:45 VIRAT_S_010000_03_000442_000528 loaded 300 frames from 300 1280x720 @ 2397/100 (h264_~1Mbps) in 2.1s
03:36:45 VIRAT_S_010000_04_000530_000605 loaded 300 frames from 300 1280x720 @ 2397/100 (h264_~1Mbps) in 2.0s
03:36:46 VIRAT_S_000206_07_001501_001600 nvenc_qp45                   80 kbps PSNR 33.74 sl 1-1 thr None/None QP I/P/B 36.0/45.0/  - I/P/B 2/298/0 11.4s
03:36:50 VIRAT_S_000205_02_000409_000566 x264_qp24_bf2_pb1          1845 kbps PSNR 40.66 sl 1-1 thr 1/0 QP I/P/B 21.0/24.0/24.0 I/P/B 2/100/198 29.5s
03:36:50 VIRAT_S_000205_02_000409_000566 CPU arms done (189s elapsed)
03:36:52 VIRAT_S_010000_05_000638_000718 loaded 300 frames from 300 1280x720 @ 2397/100 (h264_~1Mbps) in 2.0s
03:36:58 VIRAT_S_000206_07_001501_001600 nvenc_qp28_bf2_bqeq         491 kbps PSNR 40.12 sl 1-1 thr None/None QP I/P/B 22.0/28.0/28.0 I/P/B 2/100/198 11.8s
03:37:07 VIRAT_S_010000_00_000000_000165 x264_crf12                 2845 kbps PSNR 52.04 sl 1-1 thr 1/0 QP I/P/B  7.5/11.1/  - I/P/B 2/298/0 24.0s
03:37:08 VIRAT_S_010000_01_000184_000324 x264_crf12                 3077 kbps PSNR 52.16 sl 1-1 thr 1/0 QP I/P/B  7.4/11.0/  - I/P/B 2/298/0 23.6s
03:37:10 VIRAT_S_010000_02_000388_000421 x264_crf12                 2724 kbps PSNR 52.62 sl 1-1 thr 1/0 QP I/P/B  7.3/10.0/  - I/P/B 2/290/0 23.7s
03:37:16 VIRAT_S_010000_03_000442_000528 x264_crf12                 2929 kbps PSNR 52.46 sl 1-1 thr 1/0 QP I/P/B  7.3/10.2/  - I/P/B 2/298/0 24.7s
03:37:16 VIRAT_S_010000_04_000530_000605 x264_crf12                 2758 kbps PSNR 52.74 sl 1-1 thr 1/0 QP I/P/B  7.1/ 9.8/  - I/P/B 2/298/0 24.2s
03:37:17 VIRAT_S_000206_08_001618_001712 nvenc_qp18                 7447 kbps PSNR 45.03 sl 1-1 thr None/None QP I/P/B 14.0/18.0/  - I/P/B 2/298/0 16.0s
03:37:22 VIRAT_S_010000_05_000638_000718 x264_crf12                 2517 kbps PSNR 52.85 sl 1-1 thr 1/0 QP I/P/B  7.2/ 9.9/  - I/P/B 2/298/0 23.6s
03:37:23 VIRAT_S_010000_00_000000_000165 x264_crf45                   57 kbps PSNR 28.16 sl 1-1 thr 1/0 QP I/P/B 40.4/44.6/  - I/P/B 2/298/0 16.0s
03:37:24 VIRAT_S_010000_01_000184_000324 x264_crf45                   49 kbps PSNR 28.11 sl 1-1 thr 1/0 QP I/P/B 40.4/43.7/  - I/P/B 2/298/0 15.9s
03:37:25 VIRAT_S_010000_02_000388_000421 x264_crf45                   37 kbps PSNR 28.55 sl 1-1 thr 1/0 QP I/P/B 40.3/43.9/  - I/P/B 2/290/0 15.0s
03:37:30 VIRAT_S_000206_08_001618_001712 nvenc_qp23                 1616 kbps PSNR 41.59 sl 1-1 thr None/None QP I/P/B 18.0/23.0/  - I/P/B 2/298/0 13.2s
03:37:31 VIRAT_S_010000_04_000530_000605 x264_crf45                   36 kbps PSNR 28.62 sl 1-1 thr 1/0 QP I/P/B 40.1/42.5/  - I/P/B 2/298/0 15.6s
03:37:31 VIRAT_S_010000_03_000442_000528 x264_crf45                   35 kbps PSNR 28.54 sl 1-1 thr 1/0 QP I/P/B 40.3/43.9/  - I/P/B 2/298/0 15.7s
03:37:32 VIRAT_S_000207_05_001125_001193 x264_crf12                12364 kbps PSNR 49.46 sl 1-1 thr 1/0 QP I/P/B 10.0/11.7/  - I/P/B 2/298/0 47.5s
03:37:37 VIRAT_S_010000_05_000638_000718 x264_crf45                   42 kbps PSNR 28.36 sl 1-1 thr 1/0 QP I/P/B 40.1/43.9/  - I/P/B 2/298/0 15.1s
03:37:42 VIRAT_S_000206_08_001618_001712 nvenc_qp28                  499 kbps PSNR 39.78 sl 1-1 thr None/None QP I/P/B 22.0/28.0/  - I/P/B 2/298/0 12.0s
03:37:43 VIRAT_S_010000_02_000388_000421 x264_qp24                   785 kbps PSNR 41.00 sl 1-1 thr 1/0 QP I/P/B 21.0/24.0/  - I/P/B 2/290/0 18.2s
03:37:44 VIRAT_S_010000_00_000000_000165 x264_qp24                  1357 kbps PSNR 41.39 sl 1-1 thr 1/0 QP I/P/B 21.0/24.0/  - I/P/B 2/298/0 20.5s
03:37:44 VIRAT_S_010000_01_000184_000324 x264_qp24                  1365 kbps PSNR 41.20 sl 1-1 thr 1/0 QP I/P/B 21.0/24.0/  - I/P/B 2/298/0 20.5s
03:37:47 VIRAT_S_000207_05_001125_001193 x264_crf45                   42 kbps PSNR 28.43 sl 1-1 thr 1/0 QP I/P/B 43.0/43.5/  - I/P/B 2/298/0 15.6s
03:37:50 VIRAT_S_010000_04_000530_000605 x264_qp24                   798 kbps PSNR 41.08 sl 1-1 thr 1/0 QP I/P/B 21.0/24.0/  - I/P/B 2/298/0 18.4s
03:37:50 VIRAT_S_010000_03_000442_000528 x264_qp24                   946 kbps PSNR 40.89 sl 1-1 thr 1/0 QP I/P/B 21.0/24.0/  - I/P/B 2/298/0 18.9s
03:37:53 VIRAT_S_000206_08_001618_001712 nvenc_qp45                   80 kbps PSNR 33.20 sl 1-1 thr None/None QP I/P/B 36.0/45.0/  - I/P/B 2/298/0 10.8s
03:37:55 VIRAT_S_010000_05_000638_000718 x264_qp24                   845 kbps PSNR 41.07 sl 1-1 thr 1/0 QP I/P/B 21.0/24.0/  - I/P/B 2/298/0 18.0s
03:38:05 VIRAT_S_000206_08_001618_001712 nvenc_qp28_bf2_bqeq         541 kbps PSNR 39.80 sl 1-1 thr None/None QP I/P/B 22.0/28.0/28.0 I/P/B 2/100/198 12.0s
03:38:05 VIRAT_S_000207_05_001125_001193 x264_qp24                   959 kbps PSNR 41.10 sl 1-1 thr 1/0 QP I/P/B 21.0/24.0/  - I/P/B 2/298/0 17.9s
03:38:06 VIRAT_S_010000_02_000388_000421 x264_qp24_bf2_pb1           803 kbps PSNR 41.06 sl 1-1 thr 1/0 QP I/P/B 21.0/24.0/24.0 I/P/B 2/97/193 23.2s
03:38:06 VIRAT_S_010000_02_000388_000421 CPU arms done (266s elapsed)
03:38:09 VIRAT_S_010000_06_000728_000762 loaded 300 frames from 300 1280x720 @ 2397/100 (h264_~1Mbps) in 2.4s
03:38:10 VIRAT_S_010000_01_000184_000324 x264_qp24_bf2_pb1          1433 kbps PSNR 41.15 sl 1-1 thr 1/0 QP I/P/B 21.0/24.0/24.0 I/P/B 2/100/198 26.1s
03:38:10 VIRAT_S_010000_01_000184_000324 CPU arms done (270s elapsed)
03:38:11 VIRAT_S_010000_00_000000_000165 x264_qp24_bf2_pb1          1555 kbps PSNR 41.23 sl 1-1 thr 1/0 QP I/P/B 21.0/24.0/24.0 I/P/B 2/100/198 27.3s
03:38:11 VIRAT_S_010000_00_000000_000165 CPU arms done (270s elapsed)
03:38:13 VIRAT_S_010000_07_000827_000860 loaded 300 frames from 300 1280x720 @ 2397/100 (h264_~1Mbps) in 1.9s
03:38:13 VIRAT_S_010000_04_000530_000605 x264_qp24_bf2_pb1           807 kbps PSNR 41.14 sl 1-1 thr 1/0 QP I/P/B 21.0/24.0/24.0 I/P/B 2/100/198 23.4s
03:38:13 VIRAT_S_010000_04_000530_000605 CPU arms done (273s elapsed)
03:38:14 VIRAT_S_010000_08_000893_001024 loaded 300 frames from 300 1280x720 @ 2397/100 (h264_~1Mbps) in 2.0s
03:38:15 VIRAT_S_010000_03_000442_000528 x264_qp24_bf2_pb1           959 kbps PSNR 40.90 sl 1-1 thr 1/0 QP I/P/B 21.0/24.0/24.0 I/P/B 2/100/198 24.3s
03:38:15 VIRAT_S_010000_03_000442_000528 CPU arms done (274s elapsed)
03:38:16 VIRAT_S_010001_00_000019_000065 loaded 300 frames from 300 1280x720 @ 2397/100 (h264_~1Mbps) in 1.8s
03:38:17 VIRAT_S_010001_01_000071_000167 loaded 300 frames from 300 1280x720 @ 2397/100 (h264_~1Mbps) in 1.9s
03:38:19 VIRAT_S_010000_05_000638_000718 x264_qp24_bf2_pb1           885 kbps PSNR 41.11 sl 1-1 thr 1/0 QP I/P/B 21.0/24.0/24.0 I/P/B 2/100/198 23.8s
03:38:19 VIRAT_S_010000_05_000638_000718 CPU arms done (278s elapsed)
03:38:22 VIRAT_S_010001_02_000195_000498 loaded 300 frames from 300 1280x720 @ 2397/100 (h264_~1Mbps) in 1.9s
03:38:24 VIRAT_S_000207_00_000000_000045 nvenc_qp18                 6662 kbps PSNR 44.87 sl 1-1 thr None/None QP I/P/B 14.0/18.0/  - I/P/B 2/298/0 15.7s
03:38:29 VIRAT_S_000207_05_001125_001193 x264_qp24_bf2_pb1           944 kbps PSNR 41.08 sl 1-1 thr 1/0 QP I/P/B 21.0/24.0/24.0 I/P/B 2/100/198 23.4s
03:38:29 VIRAT_S_000207_05_001125_001193 CPU arms done (288s elapsed)
03:38:31 VIRAT_S_010001_03_000537_000563 loaded 196 frames from 300 1280x720 @ 2397/100 (h264_~1Mbps) in 1.5s
03:38:35 VIRAT_S_000207_00_000000_000045 nvenc_qp23                 1202 kbps PSNR 41.43 sl 1-1 thr None/None QP I/P/B 18.0/23.0/  - I/P/B 2/298/0 11.1s
03:38:42 VIRAT_S_010000_07_000827_000860 x264_crf12                 2399 kbps PSNR 52.92 sl 1-1 thr 1/0 QP I/P/B  7.1/ 9.6/  - I/P/B 2/298/0 22.7s
03:38:43 VIRAT_S_010000_08_000893_001024 x264_crf12                 2505 kbps PSNR 52.96 sl 1-1 thr 1/0 QP I/P/B  7.0/ 9.5/  - I/P/B 2/298/0 23.1s
03:38:44 VIRAT_S_010001_00_000019_000065 x264_crf12                 2442 kbps PSNR 52.97 sl 1-1 thr 1/0 QP I/P/B  7.1/ 9.9/  - I/P/B 2/298/0 22.4s
03:38:45 VIRAT_S_000207_00_000000_000045 nvenc_qp28                  375 kbps PSNR 39.86 sl 1-1 thr None/None QP I/P/B 22.0/28.0/  - I/P/B 2/298/0 10.7s
03:38:45 VIRAT_S_010000_06_000728_000762 x264_crf12                 3448 kbps PSNR 50.69 sl 1-1 thr 1/0 QP I/P/B  8.4/11.5/  - I/P/B 2/298/0 28.7s
03:38:47 VIRAT_S_010001_01_000071_000167 x264_crf12                 2579 kbps PSNR 52.79 sl 1-1 thr 1/0 QP I/P/B  7.2/ 9.8/  - I/P/B 2/298/0 23.2s
03:38:49 VIRAT_S_010001_03_000537_000563 x264_crf12                 2176 kbps PSNR 52.61 sl 1-1 thr 1/0 QP I/P/B  8.5/ 9.8/  - I/P/B 1/195/0 14.7s
03:38:51 VIRAT_S_010001_02_000195_000498 x264_crf12                 2486 kbps PSNR 52.63 sl 1-1 thr 1/0 QP I/P/B  7.2/10.6/  - I/P/B 2/298/0 22.8s
03:38:56 VIRAT_S_000207_00_000000_000045 nvenc_qp45                   70 kbps PSNR 33.28 sl 1-1 thr None/None QP I/P/B 36.0/45.0/  - I/P/B 2/298/0 11.0s
03:38:58 VIRAT_S_010000_07_000827_000860 x264_crf45                   40 kbps PSNR 28.51 sl 1-1 thr 1/0 QP I/P/B 40.0/42.1/  - I/P/B 2/298/0 16.0s
03:38:59 VIRAT_S_010000_08_000893_001024 x264_crf45                   39 kbps PSNR 28.57 sl 1-1 thr 1/0 QP I/P/B 40.0/42.9/  - I/P/B 2/298/0 16.0s
03:39:00 VIRAT_S_010001_03_000537_000563 x264_crf45                   29 kbps PSNR 28.20 sl 1-1 thr 1/0 QP I/P/B 41.5/42.9/  - I/P/B 1/195/0 10.7s
03:39:00 VIRAT_S_010001_00_000019_000065 x264_crf45                   36 kbps PSNR 28.54 sl 1-1 thr 1/0 QP I/P/B 40.0/42.0/  - I/P/B 2/298/0 15.8s
03:39:02 VIRAT_S_010001_01_000071_000167 x264_crf45                   38 kbps PSNR 28.43 sl 1-1 thr 1/0 QP I/P/B 40.1/43.0/  - I/P/B 2/298/0 15.8s
03:39:03 VIRAT_S_010000_06_000728_000762 x264_crf45                   58 kbps PSNR 28.30 sl 1-1 thr 1/0 QP I/P/B 41.3/43.6/  - I/P/B 2/298/0 17.0s
03:39:07 VIRAT_S_010001_02_000195_000498 x264_crf45                   41 kbps PSNR 28.41 sl 1-1 thr 1/0 QP I/P/B 40.1/42.5/  - I/P/B 2/298/0 16.2s
03:39:08 VIRAT_S_000207_00_000000_000045 nvenc_qp28_bf2_bqeq         417 kbps PSNR 39.90 sl 1-1 thr None/None QP I/P/B 22.0/28.0/28.0 I/P/B 2/100/198 12.0s
03:39:12 VIRAT_S_010001_03_000537_000563 x264_qp24                   759 kbps PSNR 41.15 sl 1-1 thr 1/0 QP I/P/B 21.0/24.0/  - I/P/B 1/195/0 11.8s
03:39:16 VIRAT_S_010000_07_000827_000860 x264_qp24                   739 kbps PSNR 40.98 sl 1-1 thr 1/0 QP I/P/B 21.0/24.0/  - I/P/B 2/298/0 18.2s
03:39:17 VIRAT_S_010000_08_000893_001024 x264_qp24                   698 kbps PSNR 41.12 sl 1-1 thr 1/0 QP I/P/B 21.0/24.0/  - I/P/B 2/298/0 17.7s
03:39:19 VIRAT_S_010001_00_000019_000065 x264_qp24                   847 kbps PSNR 41.25 sl 1-1 thr 1/0 QP I/P/B 21.0/24.0/  - I/P/B 2/298/0 18.4s
03:39:21 VIRAT_S_010001_01_000071_000167 x264_qp24                   814 kbps PSNR 41.09 sl 1-1 thr 1/0 QP I/P/B 21.0/24.0/  - I/P/B 2/298/0 18.1s
03:39:25 VIRAT_S_010000_06_000728_000762 x264_qp24                  1418 kbps PSNR 41.37 sl 1-1 thr 1/0 QP I/P/B 21.0/24.0/  - I/P/B 2/298/0 22.0s
03:39:26 VIRAT_S_010001_02_000195_000498 x264_qp24                  1012 kbps PSNR 41.25 sl 1-1 thr 1/0 QP I/P/B 21.0/24.0/  - I/P/B 2/298/0 19.2s
03:39:27 VIRAT_S_010001_03_000537_000563 x264_qp24_bf2_pb1           774 kbps PSNR 41.19 sl 1-1 thr 1/0 QP I/P/B 21.0/24.0/24.0 I/P/B 1/65/130 15.5s
03:39:27 VIRAT_S_010001_03_000537_000563 CPU arms done (346s elapsed)
03:39:28 VIRAT_S_000207_01_000094_000156 nvenc_qp18                 6067 kbps PSNR 44.85 sl 1-1 thr None/None QP I/P/B 14.0/18.0/  - I/P/B 2/298/0 16.5s
03:39:30 VIRAT_S_010001_04_000583_000646 loaded 300 frames from 300 1280x720 @ 2397/100 (h264_~1Mbps) in 2.0s
03:39:39 VIRAT_S_010000_07_000827_000860 x264_qp24_bf2_pb1           771 kbps PSNR 41.03 sl 1-1 thr 1/0 QP I/P/B 21.0/24.0/24.0 I/P/B 2/100/198 23.4s
03:39:39 VIRAT_S_010000_07_000827_000860 CPU arms done (359s elapsed)
03:39:40 VIRAT_S_000207_01_000094_000156 nvenc_qp23                  938 kbps PSNR 41.48 sl 1-1 thr None/None QP I/P/B 18.0/23.0/  - I/P/B 2/298/0 12.1s
03:39:40 VIRAT_S_010000_08_000893_001024 x264_qp24_bf2_pb1           721 kbps PSNR 41.19 sl 1-1 thr 1/0 QP I/P/B 21.0/24.0/24.0 I/P/B 2/100/198 23.1s
03:39:40 VIRAT_S_010000_08_000893_001024 CPU arms done (359s elapsed)
03:39:42 VIRAT_S_010001_05_000649_000684 loaded 300 frames from 300 1280x720 @ 2397/100 (h264_~1Mbps) in 1.9s
03:39:42 VIRAT_S_010001_00_000019_000065 x264_qp24_bf2_pb1           854 kbps PSNR 41.27 sl 1-1 thr 1/0 QP I/P/B 21.0/24.0/24.0 I/P/B 2/100/198 23.7s
03:39:42 VIRAT_S_010001_00_000019_000065 CPU arms done (362s elapsed)
03:39:43 VIRAT_S_010001_06_000685_000722 loaded 300 frames from 300 1280x720 @ 2397/100 (h264_~1Mbps) in 1.9s
03:39:44 VIRAT_S_010001_01_000071_000167 x264_qp24_bf2_pb1           838 kbps PSNR 41.14 sl 1-1 thr 1/0 QP I/P/B 21.0/24.0/24.0 I/P/B 2/100/198 23.5s
03:39:44 VIRAT_S_010001_01_000071_000167 CPU arms done (363s elapsed)
03:39:45 VIRAT_S_010001_07_000741_000810 loaded 300 frames from 300 1280x720 @ 2397/100 (h264_~1Mbps) in 1.9s
03:39:47 VIRAT_S_010001_08_000826_000893 loaded 300 frames from 300 1280x720 @ 2397/100 (h264_~1Mbps) in 1.9s
03:39:51 VIRAT_S_000207_01_000094_000156 nvenc_qp28                  312 kbps PSNR 39.86 sl 1-1 thr None/None QP I/P/B 22.0/28.0/  - I/P/B 2/298/0 11.2s
03:39:51 VIRAT_S_010001_02_000195_000498 x264_qp24_bf2_pb1          1084 kbps PSNR 41.24 sl 1-1 thr 1/0 QP I/P/B 21.0/24.0/24.0 I/P/B 2/100/198 25.4s
03:39:51 VIRAT_S_010001_02_000195_000498 CPU arms done (371s elapsed)
03:39:54 VIRAT_S_010001_09_000921_000952 loaded 270 frames from 300 1280x720 @ 2397/100 (h264_~1Mbps) in 2.0s
03:39:55 VIRAT_S_010000_06_000728_000762 x264_qp24_bf2_pb1          1654 kbps PSNR 41.11 sl 1-1 thr 1/0 QP I/P/B 21.0/24.0/24.0 I/P/B 2/100/198 30.9s
03:39:55 VIRAT_S_010000_06_000728_000762 CPU arms done (375s elapsed)
03:39:58 VIRAT_S_010001_10_000962_001005 loaded 300 frames from 300 1280x720 @ 2397/100 (h264_~1Mbps) in 1.9s
03:39:59 VIRAT_S_010001_04_000583_000646 x264_crf12                 2789 kbps PSNR 52.55 sl 1-1 thr 1/0 QP I/P/B  7.5/10.0/  - I/P/B 2/298/0 23.3s
03:40:01 VIRAT_S_000207_01_000094_000156 nvenc_qp45                   66 kbps PSNR 33.54 sl 1-1 thr None/None QP I/P/B 36.0/45.0/  - I/P/B 2/298/0 9.5s
03:40:10 VIRAT_S_010001_05_000649_000684 x264_crf12                 2358 kbps PSNR 53.03 sl 1-1 thr 1/0 QP I/P/B  7.0/ 9.6/  - I/P/B 2/298/0 22.2s
03:40:12 VIRAT_S_010001_06_000685_000722 x264_crf12                 2516 kbps PSNR 52.89 sl 1-1 thr 1/0 QP I/P/B  7.1/ 9.5/  - I/P/B 2/298/0 22.9s
03:40:13 VIRAT_S_000207_01_000094_000156 nvenc_qp28_bf2_bqeq         344 kbps PSNR 39.87 sl 1-1 thr None/None QP I/P/B 22.0/28.0/28.0 I/P/B 2/100/198 12.3s
03:40:14 VIRAT_S_010001_04_000583_000646 x264_crf45                   38 kbps PSNR 28.24 sl 1-1 thr 1/0 QP I/P/B 40.5/41.7/  - I/P/B 2/298/0 14.9s
03:40:14 VIRAT_S_010001_07_000741_000810 x264_crf12                 2531 kbps PSNR 52.87 sl 1-1 thr 1/0 QP I/P/B  7.0/ 9.4/  - I/P/B 2/298/0 23.1s
03:40:16 VIRAT_S_010001_08_000826_000893 x264_crf12                 2533 kbps PSNR 52.71 sl 1-1 thr 1/0 QP I/P/B  7.5/ 9.5/  - I/P/B 2/298/0 23.2s
03:40:23 VIRAT_S_010001_09_000921_000952 x264_crf12                 3136 kbps PSNR 52.05 sl 1-1 thr 1/0 QP I/P/B  8.6/10.5/  - I/P/B 2/268/0 22.7s
03:40:25 VIRAT_S_010001_05_000649_000684 x264_crf45                   36 kbps PSNR 28.52 sl 1-1 thr 1/0 QP I/P/B 40.0/41.7/  - I/P/B 2/298/0 15.0s
03:40:27 VIRAT_S_010001_06_000685_000722 x264_crf45                   37 kbps PSNR 28.54 sl 1-1 thr 1/0 QP I/P/B 40.0/42.3/  - I/P/B 2/298/0 14.9s
03:40:27 VIRAT_S_010001_10_000962_001005 x264_crf12                 2429 kbps PSNR 52.81 sl 1-1 thr 1/0 QP I/P/B  7.1/10.1/  - I/P/B 2/298/0 23.3s
03:40:29 VIRAT_S_010001_07_000741_000810 x264_crf45                   36 kbps PSNR 28.51 sl 1-1 thr 1/0 QP I/P/B 40.0/42.4/  - I/P/B 2/298/0 15.2s
03:40:31 VIRAT_S_010001_08_000826_000893 x264_crf45                   34 kbps PSNR 28.38 sl 1-1 thr 1/0 QP I/P/B 40.5/39.7/  - I/P/B 2/298/0 15.3s
03:40:32 VIRAT_S_000207_03_000556_000590 nvenc_qp18                 5388 kbps PSNR 44.84 sl 1-1 thr None/None QP I/P/B 14.0/18.0/  - I/P/B 2/298/0 16.1s
03:40:33 VIRAT_S_010001_04_000583_000646 x264_qp24                   987 kbps PSNR 40.85 sl 1-1 thr 1/0 QP I/P/B 21.0/24.0/  - I/P/B 2/298/0 19.0s
03:40:36 VIRAT_S_010001_09_000921_000952 x264_crf45                   38 kbps PSNR 28.09 sl 1-1 thr 1/0 QP I/P/B 41.5/41.1/  - I/P/B 2/268/0 13.8s
03:40:42 VIRAT_S_010001_10_000962_001005 x264_crf45                   40 kbps PSNR 28.42 sl 1-1 thr 1/0 QP I/P/B 40.1/42.4/  - I/P/B 2/298/0 14.9s
03:40:43 VIRAT_S_010001_05_000649_000684 x264_qp24                   678 kbps PSNR 41.16 sl 1-1 thr 1/0 QP I/P/B 21.0/24.0/  - I/P/B 2/298/0 17.5s
03:40:44 VIRAT_S_000207_03_000556_000590 nvenc_qp23                  902 kbps PSNR 41.51 sl 1-1 thr None/None QP I/P/B 18.0/23.0/  - I/P/B 2/298/0 11.8s
03:40:44 VIRAT_S_010001_06_000685_000722 x264_qp24                   695 kbps PSNR 41.07 sl 1-1 thr 1/0 QP I/P/B 21.0/24.0/  - I/P/B 2/298/0 17.4s
03:40:47 VIRAT_S_010001_07_000741_000810 x264_qp24                   672 kbps PSNR 41.06 sl 1-1 thr 1/0 QP I/P/B 21.0/24.0/  - I/P/B 2/298/0 17.1s
03:40:49 VIRAT_S_010001_08_000826_000893 x264_qp24                   690 kbps PSNR 40.96 sl 1-1 thr 1/0 QP I/P/B 21.0/24.0/  - I/P/B 2/298/0 17.2s
03:40:54 VIRAT_S_010001_09_000921_000952 x264_qp24                  1168 kbps PSNR 41.01 sl 1-1 thr 1/0 QP I/P/B 21.0/24.0/  - I/P/B 2/268/0 17.9s
03:40:55 VIRAT_S_000207_03_000556_000590 nvenc_qp28                  333 kbps PSNR 39.70 sl 1-1 thr None/None QP I/P/B 22.0/28.0/  - I/P/B 2/298/0 11.2s
03:40:57 VIRAT_S_010001_04_000583_000646 x264_qp24_bf2_pb1          1011 kbps PSNR 40.89 sl 1-1 thr 1/0 QP I/P/B 21.0/24.0/24.0 I/P/B 2/100/198 24.1s
03:40:57 VIRAT_S_010001_04_000583_000646 CPU arms done (437s elapsed)
03:41:00 VIRAT_S_010002_00_000012_000120 loaded 300 frames from 300 1280x720 @ 2397/100 (h264_~1Mbps) in 2.0s
03:41:00 VIRAT_S_010001_10_000962_001005 x264_qp24                   876 kbps PSNR 41.05 sl 1-1 thr 1/0 QP I/P/B 21.0/24.0/  - I/P/B 2/298/0 17.9s
03:41:05 VIRAT_S_000207_03_000556_000590 nvenc_qp45                   65 kbps PSNR 32.88 sl 1-1 thr None/None QP I/P/B 36.0/45.0/  - I/P/B 2/298/0 10.4s
03:41:05 VIRAT_S_010001_05_000649_000684 x264_qp24_bf2_pb1           696 kbps PSNR 41.21 sl 1-1 thr 1/0 QP I/P/B 21.0/24.0/24.0 I/P/B 2/100/198 22.9s
03:41:06 VIRAT_S_010001_05_000649_000684 CPU arms done (445s elapsed)
03:41:07 VIRAT_S_010001_06_000685_000722 x264_qp24_bf2_pb1           711 kbps PSNR 41.14 sl 1-1 thr 1/0 QP I/P/B 21.0/24.0/24.0 I/P/B 2/100/198 22.6s
03:41:07 VIRAT_S_010001_06_000685_000722 CPU arms done (446s elapsed)
03:41:08 VIRAT_S_010002_01_000123_000148 loaded 248 frames from 300 1280x720 @ 2397/100 (h264_~1Mbps) in 1.8s
03:41:09 VIRAT_S_010001_07_000741_000810 x264_qp24_bf2_pb1           695 kbps PSNR 41.12 sl 1-1 thr 1/0 QP I/P/B 21.0/24.0/24.0 I/P/B 2/100/198 22.7s
03:41:09 VIRAT_S_010002_02_000174_000204 loaded 300 frames from 300 1280x720 @ 2397/100 (h264_~1Mbps) in 2.0s
03:41:09 VIRAT_S_010001_07_000741_000810 CPU arms done (449s elapsed)
03:41:11 VIRAT_S_010001_08_000826_000893 x264_qp24_bf2_pb1           696 kbps PSNR 41.04 sl 1-1 thr 1/0 QP I/P/B 21.0/24.0/24.0 I/P/B 2/100/198 22.7s
03:41:11 VIRAT_S_010001_08_000826_000893 CPU arms done (451s elapsed)
03:41:12 VIRAT_S_010002_03_000236_000261 loaded 207 frames from 300 1280x720 @ 2397/100 (h264_~1Mbps) in 1.9s
03:41:14 VIRAT_S_010002_04_000307_000350 loaded 300 frames from 300 1280x720 @ 2397/100 (h264_~1Mbps) in 2.0s
03:41:17 VIRAT_S_000207_03_000556_000590 nvenc_qp28_bf2_bqeq         384 kbps PSNR 39.72 sl 1-1 thr None/None QP I/P/B 22.0/28.0/28.0 I/P/B 2/100/198 12.2s
03:41:18 VIRAT_S_010001_09_000921_000952 x264_qp24_bf2_pb1          1179 kbps PSNR 41.01 sl 1-1 thr 1/0 QP I/P/B 21.0/24.0/24.0 I/P/B 2/90/178 23.6s
03:41:18 VIRAT_S_010001_09_000921_000952 CPU arms done (457s elapsed)
03:41:20 VIRAT_S_010003_00_000000_000108 loaded 300 frames from 300 1280x720 @ 2397/100 (h264_~1Mbps) in 1.3s
03:41:24 VIRAT_S_010001_10_000962_001005 x264_qp24_bf2_pb1           925 kbps PSNR 41.10 sl 1-1 thr 1/0 QP I/P/B 21.0/24.0/24.0 I/P/B 2/100/198 23.9s
03:41:24 VIRAT_S_010001_10_000962_001005 CPU arms done (463s elapsed)
03:41:26 VIRAT_S_010003_01_000111_000137 loaded 234 frames from 300 1280x720 @ 2397/100 (h264_~1Mbps) in 1.2s
03:41:29 VIRAT_S_010002_00_000012_000120 x264_crf12                 2708 kbps PSNR 52.50 sl 1-1 thr 1/0 QP I/P/B  7.3/10.7/  - I/P/B 2/298/0 22.6s
03:41:32 VIRAT_S_010002_01_000123_000148 x264_crf12                 2566 kbps PSNR 52.21 sl 1-1 thr 1/0 QP I/P/B  8.7/10.5/  - I/P/B 1/247/0 18.7s
03:41:33 VIRAT_S_010002_03_000236_000261 x264_crf12                 2707 kbps PSNR 51.66 sl 1-1 thr 1/0 QP I/P/B  8.8/10.8/  - I/P/B 1/206/0 16.7s
03:41:36 VIRAT_S_000207_04_000902_000934 nvenc_qp18                 5484 kbps PSNR 44.85 sl 1-1 thr None/None QP I/P/B 14.0/18.0/  - I/P/B 2/298/0 15.4s
03:41:38 VIRAT_S_010002_02_000174_000204 x264_crf12                 2556 kbps PSNR 52.63 sl 1-1 thr 1/0 QP I/P/B  7.2/10.3/  - I/P/B 2/298/0 22.3s
03:41:44 VIRAT_S_010003_00_000000_000108 x264_crf12                 1141 kbps PSNR 54.05 sl 1-1 thr 1/0 QP I/P/B  6.9/10.4/  - I/P/B 2/298/0 18.6s
03:41:44 VIRAT_S_010002_03_000236_000261 x264_crf45                   36 kbps PSNR 28.00 sl 1-1 thr 1/0 QP I/P/B 41.7/43.4/  - I/P/B 1/206/0 11.0s
03:41:44 VIRAT_S_010002_04_000307_000350 x264_crf12                 2775 kbps PSNR 52.35 sl 1-1 thr 1/0 QP I/P/B  7.2/10.7/  - I/P/B 2/298/0 24.0s
03:41:44 VIRAT_S_010002_00_000012_000120 x264_crf45                   40 kbps PSNR 28.22 sl 1-1 thr 1/0 QP I/P/B 40.3/43.4/  - I/P/B 2/298/0 15.7s
03:41:44 VIRAT_S_010002_01_000123_000148 x264_crf45                   28 kbps PSNR 28.02 sl 1-1 thr 1/0 QP I/P/B 41.7/42.9/  - I/P/B 1/247/0 12.8s
03:41:46 VIRAT_S_010003_01_000111_000137 x264_crf12                 1410 kbps PSNR 53.03 sl 1-1 thr 1/0 QP I/P/B  8.6/ 9.9/  - I/P/B 1/233/0 15.7s
03:41:47 VIRAT_S_000207_04_000902_000934 nvenc_qp23                  929 kbps PSNR 41.69 sl 1-1 thr None/None QP I/P/B 18.0/23.0/  - I/P/B 2/298/0 11.4s
03:41:54 VIRAT_S_010002_02_000174_000204 x264_crf45                   49 kbps PSNR 28.23 sl 1-1 thr 1/0 QP I/P/B 40.1/41.2/  - I/P/B 2/298/0 16.0s
03:41:58 VIRAT_S_010002_03_000236_000261 x264_qp24                  1058 kbps PSNR 40.81 sl 1-1 thr 1/0 QP I/P/B 21.0/24.0/  - I/P/B 1/206/0 14.3s
03:41:58 VIRAT_S_010003_01_000111_000137 x264_crf45                   31 kbps PSNR 28.30 sl 1-1 thr 1/0 QP I/P/B 41.6/45.9/  - I/P/B 1/233/0 12.4s
03:41:59 VIRAT_S_000207_04_000902_000934 nvenc_qp28                  363 kbps PSNR 40.17 sl 1-1 thr None/None QP I/P/B 22.0/28.0/  - I/P/B 2/298/0 12.3s
03:42:00 VIRAT_S_010003_00_000000_000108 x264_crf45                   51 kbps PSNR 28.55 sl 1-1 thr 1/0 QP I/P/B 39.9/46.0/  - I/P/B 2/298/0 16.2s
03:42:00 VIRAT_S_010002_04_000307_000350 x264_crf45                   41 kbps PSNR 28.30 sl 1-1 thr 1/0 QP I/P/B 40.1/42.7/  - I/P/B 2/298/0 16.3s
03:42:01 VIRAT_S_010002_01_000123_000148 x264_qp24                  1048 kbps PSNR 41.02 sl 1-1 thr 1/0 QP I/P/B 21.0/24.0/  - I/P/B 1/247/0 16.9s
03:42:04 VIRAT_S_010002_00_000012_000120 x264_qp24                  1142 kbps PSNR 41.31 sl 1-1 thr 1/0 QP I/P/B 21.0/24.0/  - I/P/B 2/298/0 20.0s
03:42:11 VIRAT_S_000207_04_000902_000934 nvenc_qp45                   68 kbps PSNR 33.48 sl 1-1 thr None/None QP I/P/B 36.0/45.0/  - I/P/B 2/298/0 11.3s
03:42:12 VIRAT_S_010003_01_000111_000137 x264_qp24                   568 kbps PSNR 40.83 sl 1-1 thr 1/0 QP I/P/B 21.0/24.0/  - I/P/B 1/233/0 14.1s
03:42:14 VIRAT_S_010002_02_000174_000204 x264_qp24                   986 kbps PSNR 41.12 sl 1-1 thr 1/0 QP I/P/B 21.0/24.0/  - I/P/B 2/298/0 20.2s
03:42:17 VIRAT_S_010002_03_000236_000261 x264_qp24_bf2_pb1          1107 kbps PSNR 40.77 sl 1-1 thr 1/0 QP I/P/B 21.0/24.0/24.0 I/P/B 1/69/137 18.8s
03:42:17 VIRAT_S_010002_03_000236_000261 CPU arms done (516s elapsed)
03:42:17 VIRAT_S_010003_00_000000_000108 x264_qp24                   586 kbps PSNR 42.99 sl 1-1 thr 1/0 QP I/P/B 21.0/24.0/  - I/P/B 2/298/0 17.3s
03:42:20 VIRAT_S_010003_02_000165_000202 loaded 300 frames from 300 1280x720 @ 2397/100 (h264_~1Mbps) in 1.8s
03:42:20 VIRAT_S_010002_04_000307_000350 x264_qp24                  1175 kbps PSNR 41.33 sl 1-1 thr 1/0 QP I/P/B 21.0/24.0/  - I/P/B 2/298/0 20.0s
03:42:23 VIRAT_S_010002_01_000123_000148 x264_qp24_bf2_pb1          1101 kbps PSNR 40.97 sl 1-1 thr 1/0 QP I/P/B 21.0/24.0/24.0 I/P/B 1/83/164 21.6s
03:42:23 VIRAT_S_010002_01_000123_000148 CPU arms done (522s elapsed)
03:42:23 VIRAT_S_000207_04_000902_000934 nvenc_qp28_bf2_bqeq         399 kbps PSNR 40.20 sl 1-1 thr None/None QP I/P/B 22.0/28.0/28.0 I/P/B 2/100/198 12.6s
03:42:25 VIRAT_S_010003_03_000219_000259 loaded 300 frames from 300 1280x720 @ 2397/100 (h264_~1Mbps) in 1.6s
03:42:30 VIRAT_S_010003_01_000111_000137 x264_qp24_bf2_pb1           670 kbps PSNR 40.80 sl 1-1 thr 1/0 QP I/P/B 21.0/24.0/24.0 I/P/B 1/78/155 18.1s
03:42:30 VIRAT_S_010003_01_000111_000137 CPU arms done (530s elapsed)
03:42:30 VIRAT_S_010002_00_000012_000120 x264_qp24_bf2_pb1          1194 kbps PSNR 41.23 sl 1-1 thr 1/0 QP I/P/B 21.0/24.0/24.0 I/P/B 2/100/198 26.1s
03:42:30 VIRAT_S_010002_00_000012_000120 CPU arms done (530s elapsed)
03:42:32 VIRAT_S_010003_05_000499_000523 loaded 237 frames from 300 1280x720 @ 2397/100 (h264_~1Mbps) in 1.4s
03:42:33 VIRAT_S_010003_06_000526_000560 loaded 300 frames from 300 1280x720 @ 2397/100 (h264_~1Mbps) in 1.7s
03:42:39 VIRAT_S_010002_02_000174_000204 x264_qp24_bf2_pb1          1064 kbps PSNR 41.16 sl 1-1 thr 1/0 QP I/P/B 21.0/24.0/24.0 I/P/B 2/100/198 24.9s
03:42:39 VIRAT_S_010002_02_000174_000204 CPU arms done (538s elapsed)
03:42:39 VIRAT_S_010003_00_000000_000108 x264_qp24_bf2_pb1           790 kbps PSNR 42.85 sl 1-1 thr 1/0 QP I/P/B 21.0/24.0/24.0 I/P/B 2/100/198 22.2s
03:42:39 VIRAT_S_010003_00_000000_000108 CPU arms done (539s elapsed)
03:42:40 VIRAT_S_010003_07_000608_000636 loaded 195 frames from 300 1280x720 @ 2397/100 (h264_~1Mbps) in 1.1s
03:42:41 VIRAT_S_010003_10_000901_000934 loaded 300 frames from 300 1280x720 @ 2397/100 (h264_~1Mbps) in 1.2s
03:42:42 VIRAT_S_000207_05_001125_001193 nvenc_qp18                 5750 kbps PSNR 44.84 sl 1-1 thr None/None QP I/P/B 14.0/18.0/  - I/P/B 2/298/0 15.5s
03:42:46 VIRAT_S_010002_04_000307_000350 x264_qp24_bf2_pb1          1235 kbps PSNR 41.28 sl 1-1 thr 1/0 QP I/P/B 21.0/24.0/24.0 I/P/B 2/100/198 25.3s
03:42:46 VIRAT_S_010002_04_000307_000350 CPU arms done (545s elapsed)
03:42:48 VIRAT_S_010003_13_001066_001124 loaded 300 frames from 300 1280x720 @ 2397/100 (h264_~1Mbps) in 1.3s
03:42:49 VIRAT_S_010003_02_000165_000202 x264_crf12                 2219 kbps PSNR 51.88 sl 1-1 thr 1/0 QP I/P/B  8.6/10.5/  - I/P/B 2/298/0 23.0s
03:42:53 VIRAT_S_000207_05_001125_001193 nvenc_qp23                 1138 kbps PSNR 41.66 sl 1-1 thr None/None QP I/P/B 18.0/23.0/  - I/P/B 2/298/0 11.6s
03:42:54 VIRAT_S_010003_05_000499_000523 x264_crf12                 1879 kbps PSNR 52.68 sl 1-1 thr 1/0 QP I/P/B  8.7/ 9.8/  - I/P/B 1/236/0 17.0s
03:42:55 VIRAT_S_010003_03_000219_000259 x264_crf12                 2169 kbps PSNR 52.04 sl 1-1 thr 1/0 QP I/P/B  7.3/11.0/  - I/P/B 2/298/0 23.4s
03:42:58 VIRAT_S_010003_07_000608_000636 x264_crf12                 1184 kbps PSNR 53.01 sl 1-1 thr 1/0 QP I/P/B  8.5/10.0/  - I/P/B 1/194/0 13.8s
03:43:03 VIRAT_S_010003_06_000526_000560 x264_crf12                 2189 kbps PSNR 52.83 sl 1-1 thr 1/0 QP I/P/B  7.3/ 9.8/  - I/P/B 2/298/0 23.8s
03:43:06 VIRAT_S_000207_05_001125_001193 nvenc_qp28                  467 kbps PSNR 39.98 sl 1-1 thr None/None QP I/P/B 22.0/28.0/  - I/P/B 2/298/0 12.9s
03:43:07 VIRAT_S_010003_02_000165_000202 x264_crf45                   41 kbps PSNR 28.30 sl 1-1 thr 1/0 QP I/P/B 41.6/46.3/  - I/P/B 2/298/0 17.8s
03:43:08 VIRAT_S_010003_10_000901_000934 x264_crf12                 1163 kbps PSNR 53.92 sl 1-1 thr 1/0 QP I/P/B  7.0/10.2/  - I/P/B 2/298/0 21.0s
03:43:08 VIRAT_S_010003_05_000499_000523 x264_crf45                   28 kbps PSNR 28.22 sl 1-1 thr 1/0 QP I/P/B 41.7/46.2/  - I/P/B 1/236/0 14.1s
03:43:09 VIRAT_S_010003_07_000608_000636 x264_crf45                   29 kbps PSNR 28.38 sl 1-1 thr 1/0 QP I/P/B 41.6/44.7/  - I/P/B 1/194/0 11.3s
03:43:12 VIRAT_S_010003_03_000219_000259 x264_crf45                   49 kbps PSNR 28.72 sl 1-1 thr 1/0 QP I/P/B 40.3/45.7/  - I/P/B 2/298/0 17.2s
03:43:14 VIRAT_S_010003_13_001066_001124 x264_crf12                 1122 kbps PSNR 54.30 sl 1-1 thr 1/0 QP I/P/B  7.0/10.4/  - I/P/B 2/298/0 20.3s
03:43:17 VIRAT_S_000207_05_001125_001193 nvenc_qp45                   76 kbps PSNR 32.68 sl 1-1 thr None/None QP I/P/B 36.0/45.0/  - I/P/B 2/298/0 11.2s
03:43:20 VIRAT_S_010003_06_000526_000560 x264_crf45                   37 kbps PSNR 28.58 sl 1-1 thr 1/0 QP I/P/B 40.3/44.1/  - I/P/B 2/298/0 17.0s
03:43:21 VIRAT_S_010003_07_000608_000636 x264_qp24                   447 kbps PSNR 40.85 sl 1-1 thr 1/0 QP I/P/B 21.0/24.0/  - I/P/B 1/194/0 11.6s
03:43:22 VIRAT_S_010003_05_000499_000523 x264_qp24                   549 kbps PSNR 40.53 sl 1-1 thr 1/0 QP I/P/B 21.0/24.0/  - I/P/B 1/236/0 14.0s
03:43:24 VIRAT_S_010003_10_000901_000934 x264_crf45                   44 kbps PSNR 28.55 sl 1-1 thr 1/0 QP I/P/B 40.0/46.1/  - I/P/B 2/298/0 16.1s
03:43:26 VIRAT_S_010003_02_000165_000202 x264_qp24                   745 kbps PSNR 41.08 sl 1-1 thr 1/0 QP I/P/B 21.0/24.0/  - I/P/B 2/298/0 19.0s
03:43:30 VIRAT_S_010003_13_001066_001124 x264_crf45                   46 kbps PSNR 28.55 sl 1-1 thr 1/0 QP I/P/B 39.9/45.5/  - I/P/B 2/298/0 15.8s
03:43:30 VIRAT_S_000207_05_001125_001193 nvenc_qp28_bf2_bqeq         519 kbps PSNR 39.99 sl 1-1 thr None/None QP I/P/B 22.0/28.0/28.0 I/P/B 2/100/198 12.5s
03:43:31 VIRAT_S_010003_03_000219_000259 x264_qp24                   816 kbps PSNR 41.56 sl 1-1 thr 1/0 QP I/P/B 21.0/24.0/  - I/P/B 2/298/0 18.8s
03:43:36 VIRAT_S_010003_07_000608_000636 x264_qp24_bf2_pb1           537 kbps PSNR 40.84 sl 1-1 thr 1/0 QP I/P/B 21.0/24.0/24.0 I/P/B 1/65/129 15.1s
03:43:36 VIRAT_S_010003_07_000608_000636 CPU arms done (595s elapsed)
03:43:38 VIRAT_S_010003_06_000526_000560 x264_qp24                   618 kbps PSNR 40.61 sl 1-1 thr 1/0 QP I/P/B 21.0/24.0/  - I/P/B 2/298/0 17.8s
03:43:38 VIRAT_S_010004_03_000239_000277 loaded 300 frames from 300 1280x720 @ 2397/100 (h264_~1Mbps) in 1.4s
03:43:41 VIRAT_S_010003_10_000901_000934 x264_qp24                   552 kbps PSNR 42.35 sl 1-1 thr 1/0 QP I/P/B 21.0/24.0/  - I/P/B 2/298/0 16.3s
03:43:41 VIRAT_S_010003_05_000499_000523 x264_qp24_bf2_pb1           637 kbps PSNR 40.52 sl 1-1 thr 1/0 QP I/P/B 21.0/24.0/24.0 I/P/B 1/79/157 18.5s
03:43:41 VIRAT_S_010003_05_000499_000523 CPU arms done (600s elapsed)
03:43:43 VIRAT_S_010004_06_000547_000715 loaded 300 frames from 300 1280x720 @ 2397/100 (h264_~1Mbps) in 1.3s
03:43:46 VIRAT_S_010003_13_001066_001124 x264_qp24                   607 kbps PSNR 42.98 sl 1-1 thr 1/0 QP I/P/B 21.0/24.0/  - I/P/B 2/298/0 15.9s
03:43:46 VIRAT_S_010000_00_000000_000165 nvenc_qp18                 2213 kbps PSNR 47.43 sl 1-1 thr None/None QP I/P/B 14.0/18.0/  - I/P/B 2/298/0 13.3s
03:43:53 VIRAT_S_010003_02_000165_000202 x264_qp24_bf2_pb1           959 kbps PSNR 40.88 sl 1-1 thr 1/0 QP I/P/B 21.0/24.0/24.0 I/P/B 2/100/198 26.7s
03:43:53 VIRAT_S_010003_02_000165_000202 CPU arms done (612s elapsed)
03:43:55 VIRAT_S_010004_07_000729_000809 loaded 300 frames from 300 1280x720 @ 2397/100 (h264_~1Mbps) in 1.3s
03:43:58 VIRAT_S_010003_03_000219_000259 x264_qp24_bf2_pb1          1083 kbps PSNR 41.26 sl 1-1 thr 1/0 QP I/P/B 21.0/24.0/24.0 I/P/B 2/100/198 27.1s
03:43:58 VIRAT_S_010003_03_000219_000259 CPU arms done (618s elapsed)
03:43:59 VIRAT_S_010000_00_000000_000165 nvenc_qp23                 1565 kbps PSNR 42.81 sl 1-1 thr None/None QP I/P/B 18.0/23.0/  - I/P/B 2/298/0 13.1s
03:44:01 VIRAT_S_010004_08_000811_000920 loaded 300 frames from 300 1280x720 @ 2397/100 (h264_~1Mbps) in 1.5s
03:44:02 VIRAT_S_010003_06_000526_000560 x264_qp24_bf2_pb1           701 kbps PSNR 40.62 sl 1-1 thr 1/0 QP I/P/B 21.0/24.0/24.0 I/P/B 2/100/198 23.9s
03:44:02 VIRAT_S_010003_06_000526_000560 CPU arms done (621s elapsed)
03:44:03 VIRAT_S_010003_10_000901_000934 x264_qp24_bf2_pb1           671 kbps PSNR 42.24 sl 1-1 thr 1/0 QP I/P/B 21.0/24.0/24.0 I/P/B 2/100/198 22.5s
03:44:03 VIRAT_S_010003_10_000901_000934 CPU arms done (623s elapsed)
03:44:04 VIRAT_S_010005_00_000048_000075 loaded 248 frames from 300 1280x720 @ 2397/100 (h264_~1Mbps) in 1.5s
03:44:04 VIRAT_S_010004_03_000239_000277 x264_crf12                 1607 kbps PSNR 53.63 sl 1-1 thr 1/0 QP I/P/B  6.9/ 9.8/  - I/P/B 2/298/0 20.0s
03:44:06 VIRAT_S_010005_02_000177_000203 loaded 300 frames from 300 1280x720 @ 2397/100 (h264_~1Mbps) in 1.8s
03:44:08 VIRAT_S_010004_06_000547_000715 x264_crf12                 1301 kbps PSNR 53.89 sl 1-1 thr 1/0 QP I/P/B  6.9/10.2/  - I/P/B 2/298/0 19.4s
03:44:09 VIRAT_S_010003_13_001066_001124 x264_qp24_bf2_pb1           762 kbps PSNR 42.93 sl 1-1 thr 1/0 QP I/P/B 21.0/24.0/24.0 I/P/B 2/100/198 23.3s
03:44:09 VIRAT_S_010003_13_001066_001124 CPU arms done (628s elapsed)
03:44:10 VIRAT_S_010000_00_000000_000165 nvenc_qp28                  795 kbps PSNR 38.78 sl 1-1 thr None/None QP I/P/B 22.0/28.0/  - I/P/B 2/298/0 11.3s
03:44:12 VIRAT_S_010005_03_000215_000270 loaded 300 frames from 300 1280x720 @ 2397/100 (h264_~1Mbps) in 1.8s
03:44:19 VIRAT_S_010004_07_000729_000809 x264_crf12                 1168 kbps PSNR 54.23 sl 1-1 thr 1/0 QP I/P/B  6.8/10.0/  - I/P/B 2/298/0 18.4s
03:44:19 VIRAT_S_010004_03_000239_000277 x264_crf45                   43 kbps PSNR 28.65 sl 1-1 thr 1/0 QP I/P/B 39.9/45.2/  - I/P/B 2/298/0 15.5s
03:44:21 VIRAT_S_010000_00_000000_000165 nvenc_qp45                   90 kbps PSNR 31.18 sl 1-1 thr None/None QP I/P/B 36.0/45.0/  - I/P/B 2/298/0 10.4s
03:44:24 VIRAT_S_010004_06_000547_000715 x264_crf45                   38 kbps PSNR 28.73 sl 1-1 thr 1/0 QP I/P/B 39.8/46.0/  - I/P/B 2/298/0 15.3s
03:44:26 VIRAT_S_010004_08_000811_000920 x264_crf12                 1543 kbps PSNR 53.52 sl 1-1 thr 1/0 QP I/P/B  7.1/10.2/  - I/P/B 2/298/0 19.7s
03:44:26 VIRAT_S_010005_00_000048_000075 x264_crf12                 1781 kbps PSNR 52.81 sl 1-1 thr 1/0 QP I/P/B  8.5/ 9.9/  - I/P/B 1/247/0 17.3s
03:44:34 VIRAT_S_010005_02_000177_000203 x264_crf12                 2282 kbps PSNR 52.82 sl 1-1 thr 1/0 QP I/P/B  7.2/ 9.7/  - I/P/B 2/298/0 22.2s
03:44:34 VIRAT_S_010000_00_000000_000165 nvenc_qp28_bf2_bqeq         914 kbps PSNR 38.93 sl 1-1 thr None/None QP I/P/B 22.0/28.0/28.0 I/P/B 2/100/198 12.9s
03:44:34 VIRAT_S_010004_07_000729_000809 x264_crf45                   39 kbps PSNR 28.78 sl 1-1 thr 1/0 QP I/P/B 39.8/45.9/  - I/P/B 2/298/0 15.8s
03:44:37 VIRAT_S_010004_03_000239_000277 x264_qp24                   599 kbps PSNR 41.55 sl 1-1 thr 1/0 QP I/P/B 21.0/24.0/  - I/P/B 2/298/0 17.2s
03:44:39 VIRAT_S_010005_03_000215_000270 x264_crf12                 1977 kbps PSNR 53.07 sl 1-1 thr 1/0 QP I/P/B  7.1/ 9.3/  - I/P/B 2/298/0 21.5s
03:44:40 VIRAT_S_010004_06_000547_000715 x264_qp24                   573 kbps PSNR 41.86 sl 1-1 thr 1/0 QP I/P/B 21.0/24.0/  - I/P/B 2/298/0 16.7s
03:44:40 VIRAT_S_010005_00_000048_000075 x264_crf45                   28 kbps PSNR 28.49 sl 1-1 thr 1/0 QP I/P/B 41.6/45.5/  - I/P/B 1/247/0 14.4s
03:44:42 VIRAT_S_010004_08_000811_000920 x264_crf45                   46 kbps PSNR 28.43 sl 1-1 thr 1/0 QP I/P/B 40.0/46.4/  - I/P/B 2/298/0 15.6s
03:44:49 VIRAT_S_010005_02_000177_000203 x264_crf45                   39 kbps PSNR 28.74 sl 1-1 thr 1/0 QP I/P/B 40.2/45.7/  - I/P/B 2/298/0 15.3s
03:44:49 VIRAT_S_010000_01_000184_000324 nvenc_qp18                 2483 kbps PSNR 47.44 sl 1-1 thr None/None QP I/P/B 14.0/18.0/  - I/P/B 2/298/0 12.3s
03:44:51 VIRAT_S_010004_07_000729_000809 x264_qp24                   542 kbps PSNR 42.35 sl 1-1 thr 1/0 QP I/P/B 21.0/24.0/  - I/P/B 2/298/0 16.4s
03:44:53 VIRAT_S_010005_03_000215_000270 x264_crf45                   37 kbps PSNR 28.79 sl 1-1 thr 1/0 QP I/P/B 40.0/45.9/  - I/P/B 2/298/0 14.7s
03:44:55 VIRAT_S_010005_00_000048_000075 x264_qp24                   624 kbps PSNR 40.79 sl 1-1 thr 1/0 QP I/P/B 21.0/24.0/  - I/P/B 1/247/0 14.2s
03:44:58 VIRAT_S_010004_08_000811_000920 x264_qp24                   679 kbps PSNR 41.26 sl 1-1 thr 1/0 QP I/P/B 21.0/24.0/  - I/P/B 2/298/0 16.9s
03:45:00 VIRAT_S_010004_03_000239_000277 x264_qp24_bf2_pb1           712 kbps PSNR 41.52 sl 1-1 thr 1/0 QP I/P/B 21.0/24.0/24.0 I/P/B 2/100/198 23.2s
03:45:00 VIRAT_S_010004_03_000239_000277 CPU arms done (679s elapsed)
03:45:01 VIRAT_S_010000_01_000184_000324 nvenc_qp23                 1568 kbps PSNR 42.39 sl 1-1 thr None/None QP I/P/B 18.0/23.0/  - I/P/B 2/298/0 11.5s
03:45:02 VIRAT_S_010005_04_000299_000323 loaded 193 frames from 300 1280x720 @ 2397/100 (h264_~1Mbps) in 1.2s
03:45:03 VIRAT_S_010004_06_000547_000715 x264_qp24_bf2_pb1           672 kbps PSNR 41.85 sl 1-1 thr 1/0 QP I/P/B 21.0/24.0/24.0 I/P/B 2/100/198 22.7s
03:45:03 VIRAT_S_010004_06_000547_000715 CPU arms done (682s elapsed)
03:45:06 VIRAT_S_010005_02_000177_000203 x264_qp24                   590 kbps PSNR 40.63 sl 1-1 thr 1/0 QP I/P/B 21.0/24.0/  - I/P/B 2/298/0 16.7s
03:45:10 VIRAT_S_010005_03_000215_000270 x264_qp24                   565 kbps PSNR 40.83 sl 1-1 thr 1/0 QP I/P/B 21.0/24.0/  - I/P/B 2/298/0 16.4s
03:45:12 VIRAT_S_010000_01_000184_000324 nvenc_qp28                  774 kbps PSNR 39.06 sl 1-1 thr None/None QP I/P/B 22.0/28.0/  - I/P/B 2/298/0 11.6s
03:45:13 VIRAT_S_010004_07_000729_000809 x264_qp24_bf2_pb1           646 kbps PSNR 42.35 sl 1-1 thr 1/0 QP I/P/B 21.0/24.0/24.0 I/P/B 2/100/198 21.9s
03:45:13 VIRAT_S_010004_07_000729_000809 CPU arms done (692s elapsed)
03:45:14 VIRAT_S_010005_00_000048_000075 x264_qp24_bf2_pb1           730 kbps PSNR 40.79 sl 1-1 thr 1/0 QP I/P/B 21.0/24.0/24.0 I/P/B 1/83/164 19.2s
03:45:14 VIRAT_S_010005_00_000048_000075 CPU arms done (693s elapsed)
03:45:18 VIRAT_S_010005_04_000299_000323 x264_crf12                 1987 kbps PSNR 52.44 sl 1-1 thr 1/0 QP I/P/B  8.6/ 9.6/  - I/P/B 1/192/0 13.1s
03:45:20 VIRAT_S_010004_08_000811_000920 x264_qp24_bf2_pb1           836 kbps PSNR 41.20 sl 1-1 thr 1/0 QP I/P/B 21.0/24.0/24.0 I/P/B 2/100/198 21.8s
03:45:20 VIRAT_S_010004_08_000811_000920 CPU arms done (700s elapsed)
03:45:22 VIRAT_S_010000_01_000184_000324 nvenc_qp45                   79 kbps PSNR 31.28 sl 1-1 thr None/None QP I/P/B 36.0/45.0/  - I/P/B 2/298/0 9.6s
03:45:27 VIRAT_S_010005_04_000299_000323 x264_crf45                   28 kbps PSNR 28.52 sl 1-1 thr 1/0 QP I/P/B 41.6/45.4/  - I/P/B 1/192/0 8.6s
03:45:27 VIRAT_S_010005_02_000177_000203 x264_qp24_bf2_pb1           678 kbps PSNR 40.63 sl 1-1 thr 1/0 QP I/P/B 21.0/24.0/24.0 I/P/B 2/100/198 21.6s
03:45:27 VIRAT_S_010005_02_000177_000203 CPU arms done (707s elapsed)
03:45:30 VIRAT_S_010005_03_000215_000270 x264_qp24_bf2_pb1           644 kbps PSNR 40.83 sl 1-1 thr 1/0 QP I/P/B 21.0/24.0/24.0 I/P/B 2/100/198 20.7s
03:45:30 VIRAT_S_010005_03_000215_000270 CPU arms done (710s elapsed)
03:45:33 VIRAT_S_010000_01_000184_000324 nvenc_qp28_bf2_bqeq         837 kbps PSNR 39.18 sl 1-1 thr None/None QP I/P/B 22.0/28.0/28.0 I/P/B 2/100/198 11.6s
03:45:36 VIRAT_S_010005_04_000299_000323 x264_qp24                   535 kbps PSNR 40.59 sl 1-1 thr 1/0 QP I/P/B 21.0/24.0/  - I/P/B 1/192/0 9.3s
03:45:46 VIRAT_S_010000_02_000388_000421 nvenc_qp18                 1897 kbps PSNR 47.14 sl 1-1 thr None/None QP I/P/B 14.0/18.0/  - I/P/B 2/290/0 10.2s
03:45:49 VIRAT_S_010005_04_000299_000323 x264_qp24_bf2_pb1           619 kbps PSNR 40.64 sl 1-1 thr 1/0 QP I/P/B 21.0/24.0/24.0 I/P/B 1/64/128 12.9s
03:45:49 VIRAT_S_010005_04_000299_000323 CPU arms done (729s elapsed)
03:45:49 CPU arms finished at 729s; waiting for NVENC
03:45:55 VIRAT_S_010000_02_000388_000421 nvenc_qp23                  866 kbps PSNR 41.90 sl 1-1 thr None/None QP I/P/B 18.0/23.0/  - I/P/B 2/290/0 8.6s
03:46:02 VIRAT_S_010000_02_000388_000421 nvenc_qp28                  398 kbps PSNR 39.39 sl 1-1 thr None/None QP I/P/B 22.0/28.0/  - I/P/B 2/290/0 7.4s
03:46:09 VIRAT_S_010000_02_000388_000421 nvenc_qp45                   61 kbps PSNR 32.27 sl 1-1 thr None/None QP I/P/B 36.0/45.0/  - I/P/B 2/290/0 7.2s
03:46:17 VIRAT_S_010000_02_000388_000421 nvenc_qp28_bf2_bqeq         449 kbps PSNR 39.54 sl 1-1 thr None/None QP I/P/B 22.0/28.0/28.0 I/P/B 2/97/193 8.2s
03:46:28 VIRAT_S_010000_03_000442_000528 nvenc_qp18                 2159 kbps PSNR 47.18 sl 1-1 thr None/None QP I/P/B 14.0/18.0/  - I/P/B 2/298/0 8.6s
03:46:36 VIRAT_S_010000_03_000442_000528 nvenc_qp23                 1065 kbps PSNR 41.80 sl 1-1 thr None/None QP I/P/B 18.0/23.0/  - I/P/B 2/298/0 7.8s
03:46:43 VIRAT_S_010000_03_000442_000528 nvenc_qp28                  486 kbps PSNR 39.07 sl 1-1 thr None/None QP I/P/B 22.0/28.0/  - I/P/B 2/298/0 7.3s
03:46:50 VIRAT_S_010000_03_000442_000528 nvenc_qp45                   61 kbps PSNR 31.89 sl 1-1 thr None/None QP I/P/B 36.0/45.0/  - I/P/B 2/298/0 6.9s
03:46:59 VIRAT_S_010000_03_000442_000528 nvenc_qp28_bf2_bqeq         540 kbps PSNR 39.21 sl 1-1 thr None/None QP I/P/B 22.0/28.0/28.0 I/P/B 2/100/198 8.4s
03:47:09 VIRAT_S_010000_04_000530_000605 nvenc_qp18                 1910 kbps PSNR 47.21 sl 1-1 thr None/None QP I/P/B 14.0/18.0/  - I/P/B 2/298/0 8.6s
03:47:17 VIRAT_S_010000_04_000530_000605 nvenc_qp23                  869 kbps PSNR 41.92 sl 1-1 thr None/None QP I/P/B 18.0/23.0/  - I/P/B 2/298/0 7.6s
03:47:24 VIRAT_S_010000_04_000530_000605 nvenc_qp28                  403 kbps PSNR 39.46 sl 1-1 thr None/None QP I/P/B 22.0/28.0/  - I/P/B 2/298/0 7.3s
03:47:31 VIRAT_S_010000_04_000530_000605 nvenc_qp45                   60 kbps PSNR 32.07 sl 1-1 thr None/None QP I/P/B 36.0/45.0/  - I/P/B 2/298/0 6.8s
03:47:41 VIRAT_S_010000_04_000530_000605 nvenc_qp28_bf2_bqeq         448 kbps PSNR 39.61 sl 1-1 thr None/None QP I/P/B 22.0/28.0/28.0 I/P/B 2/100/198 9.6s
03:47:51 VIRAT_S_010000_05_000638_000718 nvenc_qp18                 1858 kbps PSNR 47.43 sl 1-1 thr None/None QP I/P/B 14.0/18.0/  - I/P/B 2/298/0 8.3s
03:47:58 VIRAT_S_010000_05_000638_000718 nvenc_qp23                  943 kbps PSNR 41.99 sl 1-1 thr None/None QP I/P/B 18.0/23.0/  - I/P/B 2/298/0 7.5s
03:48:06 VIRAT_S_010000_05_000638_000718 nvenc_qp28                  461 kbps PSNR 39.40 sl 1-1 thr None/None QP I/P/B 22.0/28.0/  - I/P/B 2/298/0 7.3s
03:48:13 VIRAT_S_010000_05_000638_000718 nvenc_qp45                   70 kbps PSNR 31.84 sl 1-1 thr None/None QP I/P/B 36.0/45.0/  - I/P/B 2/298/0 7.3s
03:48:21 VIRAT_S_010000_05_000638_000718 nvenc_qp28_bf2_bqeq         522 kbps PSNR 39.53 sl 1-1 thr None/None QP I/P/B 22.0/28.0/28.0 I/P/B 2/100/198 8.4s
03:48:32 VIRAT_S_010000_06_000728_000762 nvenc_qp18                 2620 kbps PSNR 47.05 sl 1-1 thr None/None QP I/P/B 14.0/18.0/  - I/P/B 2/298/0 9.0s
03:48:42 VIRAT_S_010000_06_000728_000762 nvenc_qp23                 1667 kbps PSNR 42.38 sl 1-1 thr None/None QP I/P/B 18.0/23.0/  - I/P/B 2/298/0 9.4s
03:48:51 VIRAT_S_010000_06_000728_000762 nvenc_qp28                  801 kbps PSNR 39.16 sl 1-1 thr None/None QP I/P/B 22.0/28.0/  - I/P/B 2/298/0 9.0s
03:48:58 VIRAT_S_010000_06_000728_000762 nvenc_qp45                   91 kbps PSNR 31.58 sl 1-1 thr None/None QP I/P/B 36.0/45.0/  - I/P/B 2/298/0 7.1s
03:49:07 VIRAT_S_010000_06_000728_000762 nvenc_qp28_bf2_bqeq         889 kbps PSNR 39.21 sl 1-1 thr None/None QP I/P/B 22.0/28.0/28.0 I/P/B 2/100/198 9.3s
03:49:17 VIRAT_S_010000_07_000827_000860 nvenc_qp18                 1707 kbps PSNR 47.30 sl 1-1 thr None/None QP I/P/B 14.0/18.0/  - I/P/B 2/298/0 8.2s
03:49:25 VIRAT_S_010000_07_000827_000860 nvenc_qp23                  817 kbps PSNR 41.85 sl 1-1 thr None/None QP I/P/B 18.0/23.0/  - I/P/B 2/298/0 7.7s
03:49:33 VIRAT_S_010000_07_000827_000860 nvenc_qp28                  396 kbps PSNR 39.37 sl 1-1 thr None/None QP I/P/B 22.0/28.0/  - I/P/B 2/298/0 7.8s
03:49:40 VIRAT_S_010000_07_000827_000860 nvenc_qp45                   65 kbps PSNR 31.80 sl 1-1 thr None/None QP I/P/B 36.0/45.0/  - I/P/B 2/298/0 7.3s
03:49:49 VIRAT_S_010000_07_000827_000860 nvenc_qp28_bf2_bqeq         451 kbps PSNR 39.52 sl 1-1 thr None/None QP I/P/B 22.0/28.0/28.0 I/P/B 2/100/198 8.8s
03:50:00 VIRAT_S_010000_08_000893_001024 nvenc_qp18                 1665 kbps PSNR 47.30 sl 1-1 thr None/None QP I/P/B 14.0/18.0/  - I/P/B 2/298/0 8.7s
03:50:07 VIRAT_S_010000_08_000893_001024 nvenc_qp23                  746 kbps PSNR 42.00 sl 1-1 thr None/None QP I/P/B 18.0/23.0/  - I/P/B 2/298/0 7.6s
03:50:15 VIRAT_S_010000_08_000893_001024 nvenc_qp28                  371 kbps PSNR 39.63 sl 1-1 thr None/None QP I/P/B 22.0/28.0/  - I/P/B 2/298/0 7.4s
03:50:22 VIRAT_S_010000_08_000893_001024 nvenc_qp45                   64 kbps PSNR 32.23 sl 1-1 thr None/None QP I/P/B 36.0/45.0/  - I/P/B 2/298/0 6.8s
03:50:30 VIRAT_S_010000_08_000893_001024 nvenc_qp28_bf2_bqeq         417 kbps PSNR 39.75 sl 1-1 thr None/None QP I/P/B 22.0/28.0/28.0 I/P/B 2/100/198 8.3s
03:50:40 VIRAT_S_010001_00_000019_000065 nvenc_qp18                 1810 kbps PSNR 47.57 sl 1-1 thr None/None QP I/P/B 14.0/18.0/  - I/P/B 2/298/0 8.3s
03:50:48 VIRAT_S_010001_00_000019_000065 nvenc_qp23                  954 kbps PSNR 42.20 sl 1-1 thr None/None QP I/P/B 18.0/23.0/  - I/P/B 2/298/0 7.5s
03:50:55 VIRAT_S_010001_00_000019_000065 nvenc_qp28                  450 kbps PSNR 39.50 sl 1-1 thr None/None QP I/P/B 22.0/28.0/  - I/P/B 2/298/0 7.3s
03:51:02 VIRAT_S_010001_00_000019_000065 nvenc_qp45                   62 kbps PSNR 32.05 sl 1-1 thr None/None QP I/P/B 36.0/45.0/  - I/P/B 2/298/0 6.8s
03:51:10 VIRAT_S_010001_00_000019_000065 nvenc_qp28_bf2_bqeq         490 kbps PSNR 39.69 sl 1-1 thr None/None QP I/P/B 22.0/28.0/28.0 I/P/B 2/100/198 8.4s
03:51:21 VIRAT_S_010001_01_000071_000167 nvenc_qp18                 1874 kbps PSNR 47.44 sl 1-1 thr None/None QP I/P/B 14.0/18.0/  - I/P/B 2/298/0 8.3s
03:51:28 VIRAT_S_010001_01_000071_000167 nvenc_qp23                  901 kbps PSNR 41.99 sl 1-1 thr None/None QP I/P/B 18.0/23.0/  - I/P/B 2/298/0 7.7s
03:51:36 VIRAT_S_010001_01_000071_000167 nvenc_qp28                  432 kbps PSNR 39.49 sl 1-1 thr None/None QP I/P/B 22.0/28.0/  - I/P/B 2/298/0 7.3s
03:51:42 VIRAT_S_010001_01_000071_000167 nvenc_qp45                   66 kbps PSNR 32.13 sl 1-1 thr None/None QP I/P/B 36.0/45.0/  - I/P/B 2/298/0 6.9s
03:51:51 VIRAT_S_010001_01_000071_000167 nvenc_qp28_bf2_bqeq         481 kbps PSNR 39.65 sl 1-1 thr None/None QP I/P/B 22.0/28.0/28.0 I/P/B 2/100/198 8.4s
03:52:01 VIRAT_S_010001_02_000195_000498 nvenc_qp18                 1889 kbps PSNR 47.54 sl 1-1 thr None/None QP I/P/B 14.0/18.0/  - I/P/B 2/298/0 8.1s
03:52:09 VIRAT_S_010001_02_000195_000498 nvenc_qp23                 1181 kbps PSNR 42.60 sl 1-1 thr None/None QP I/P/B 18.0/23.0/  - I/P/B 2/298/0 8.1s
03:52:17 VIRAT_S_010001_02_000195_000498 nvenc_qp28                  557 kbps PSNR 39.26 sl 1-1 thr None/None QP I/P/B 22.0/28.0/  - I/P/B 2/298/0 7.7s
03:52:24 VIRAT_S_010001_02_000195_000498 nvenc_qp45                   66 kbps PSNR 31.64 sl 1-1 thr None/None QP I/P/B 36.0/45.0/  - I/P/B 2/298/0 7.1s
03:52:32 VIRAT_S_010001_02_000195_000498 nvenc_qp28_bf2_bqeq         620 kbps PSNR 39.38 sl 1-1 thr None/None QP I/P/B 22.0/28.0/28.0 I/P/B 2/100/198 8.6s
03:52:39 VIRAT_S_010001_03_000537_000563 nvenc_qp18                 1668 kbps PSNR 47.50 sl 1-1 thr None/None QP I/P/B 14.0/18.0/  - I/P/B 1/195/0 5.4s
03:52:44 VIRAT_S_010001_03_000537_000563 nvenc_qp23                  842 kbps PSNR 42.11 sl 1-1 thr None/None QP I/P/B 18.0/23.0/  - I/P/B 1/195/0 5.1s
03:52:49 VIRAT_S_010001_03_000537_000563 nvenc_qp28                  406 kbps PSNR 39.46 sl 1-1 thr None/None QP I/P/B 22.0/28.0/  - I/P/B 1/195/0 4.8s
03:52:54 VIRAT_S_010001_03_000537_000563 nvenc_qp45                   51 kbps PSNR 31.66 sl 1-1 thr None/None QP I/P/B 36.0/45.0/  - I/P/B 1/195/0 4.7s
03:53:00 VIRAT_S_010001_03_000537_000563 nvenc_qp28_bf2_bqeq         454 kbps PSNR 39.57 sl 1-1 thr None/None QP I/P/B 22.0/28.0/28.0 I/P/B 1/65/130 6.0s
03:53:10 VIRAT_S_010001_04_000583_000646 nvenc_qp18                 2113 kbps PSNR 47.22 sl 1-1 thr None/None QP I/P/B 14.0/18.0/  - I/P/B 2/298/0 8.2s
03:53:19 VIRAT_S_010001_04_000583_000646 nvenc_qp23                 1113 kbps PSNR 41.74 sl 1-1 thr None/None QP I/P/B 18.0/23.0/  - I/P/B 2/298/0 8.4s
03:53:26 VIRAT_S_010001_04_000583_000646 nvenc_qp28                  521 kbps PSNR 38.93 sl 1-1 thr None/None QP I/P/B 22.0/28.0/  - I/P/B 2/298/0 7.4s
03:53:33 VIRAT_S_010001_04_000583_000646 nvenc_qp45                   65 kbps PSNR 31.71 sl 1-1 thr None/None QP I/P/B 36.0/45.0/  - I/P/B 2/298/0 7.1s
03:53:42 VIRAT_S_010001_04_000583_000646 nvenc_qp28_bf2_bqeq         582 kbps PSNR 39.11 sl 1-1 thr None/None QP I/P/B 22.0/28.0/28.0 I/P/B 2/100/198 8.5s
03:53:51 VIRAT_S_010001_05_000649_000684 nvenc_qp18                 1609 kbps PSNR 47.42 sl 1-1 thr None/None QP I/P/B 14.0/18.0/  - I/P/B 2/298/0 8.1s
03:53:59 VIRAT_S_010001_05_000649_000684 nvenc_qp23                  733 kbps PSNR 42.02 sl 1-1 thr None/None QP I/P/B 18.0/23.0/  - I/P/B 2/298/0 7.8s
03:54:06 VIRAT_S_010001_05_000649_000684 nvenc_qp28                  356 kbps PSNR 39.67 sl 1-1 thr None/None QP I/P/B 22.0/28.0/  - I/P/B 2/298/0 7.2s
03:54:13 VIRAT_S_010001_05_000649_000684 nvenc_qp45                   62 kbps PSNR 32.22 sl 1-1 thr None/None QP I/P/B 36.0/45.0/  - I/P/B 2/298/0 6.9s
03:54:22 VIRAT_S_010001_05_000649_000684 nvenc_qp28_bf2_bqeq         397 kbps PSNR 39.80 sl 1-1 thr None/None QP I/P/B 22.0/28.0/28.0 I/P/B 2/100/198 8.3s
03:54:32 VIRAT_S_010001_06_000685_000722 nvenc_qp18                 1672 kbps PSNR 47.24 sl 1-1 thr None/None QP I/P/B 14.0/18.0/  - I/P/B 2/298/0 8.0s
03:54:39 VIRAT_S_010001_06_000685_000722 nvenc_qp23                  749 kbps PSNR 41.96 sl 1-1 thr None/None QP I/P/B 18.0/23.0/  - I/P/B 2/298/0 7.5s
03:54:46 VIRAT_S_010001_06_000685_000722 nvenc_qp28                  361 kbps PSNR 39.56 sl 1-1 thr None/None QP I/P/B 22.0/28.0/  - I/P/B 2/298/0 7.1s
03:54:53 VIRAT_S_010001_06_000685_000722 nvenc_qp45                   61 kbps PSNR 32.22 sl 1-1 thr None/None QP I/P/B 36.0/45.0/  - I/P/B 2/298/0 6.9s
03:55:01 VIRAT_S_010001_06_000685_000722 nvenc_qp28_bf2_bqeq         406 kbps PSNR 39.71 sl 1-1 thr None/None QP I/P/B 22.0/28.0/28.0 I/P/B 2/100/198 8.1s
03:55:11 VIRAT_S_010001_07_000741_000810 nvenc_qp18                 1651 kbps PSNR 47.19 sl 1-1 thr None/None QP I/P/B 14.0/18.0/  - I/P/B 2/298/0 8.0s
03:55:19 VIRAT_S_010001_07_000741_000810 nvenc_qp23                  711 kbps PSNR 41.95 sl 1-1 thr None/None QP I/P/B 18.0/23.0/  - I/P/B 2/298/0 7.6s
03:55:26 VIRAT_S_010001_07_000741_000810 nvenc_qp28                  356 kbps PSNR 39.64 sl 1-1 thr None/None QP I/P/B 22.0/28.0/  - I/P/B 2/298/0 7.2s
03:55:33 VIRAT_S_010001_07_000741_000810 nvenc_qp45                   64 kbps PSNR 32.38 sl 1-1 thr None/None QP I/P/B 36.0/45.0/  - I/P/B 2/298/0 7.0s
03:55:41 VIRAT_S_010001_07_000741_000810 nvenc_qp28_bf2_bqeq         402 kbps PSNR 39.77 sl 1-1 thr None/None QP I/P/B 22.0/28.0/28.0 I/P/B 2/100/198 8.1s
03:55:51 VIRAT_S_010001_08_000826_000893 nvenc_qp18                 1654 kbps PSNR 47.14 sl 1-1 thr None/None QP I/P/B 14.0/18.0/  - I/P/B 2/298/0 8.2s
03:55:59 VIRAT_S_010001_08_000826_000893 nvenc_qp23                  738 kbps PSNR 41.76 sl 1-1 thr None/None QP I/P/B 18.0/23.0/  - I/P/B 2/298/0 7.8s
03:56:06 VIRAT_S_010001_08_000826_000893 nvenc_qp28                  352 kbps PSNR 39.31 sl 1-1 thr None/None QP I/P/B 22.0/28.0/  - I/P/B 2/298/0 7.3s
03:56:13 VIRAT_S_010001_08_000826_000893 nvenc_qp45                   60 kbps PSNR 32.28 sl 1-1 thr None/None QP I/P/B 36.0/45.0/  - I/P/B 2/298/0 7.0s
03:56:22 VIRAT_S_010001_08_000826_000893 nvenc_qp28_bf2_bqeq         394 kbps PSNR 39.67 sl 1-1 thr None/None QP I/P/B 22.0/28.0/28.0 I/P/B 2/100/198 8.3s
03:56:32 VIRAT_S_010001_09_000921_000952 nvenc_qp18                 2430 kbps PSNR 47.25 sl 1-1 thr None/None QP I/P/B 14.0/18.0/  - I/P/B 2/268/0 7.9s
03:56:39 VIRAT_S_010001_09_000921_000952 nvenc_qp23                 1334 kbps PSNR 41.99 sl 1-1 thr None/None QP I/P/B 18.0/23.0/  - I/P/B 2/268/0 7.2s
03:56:46 VIRAT_S_010001_09_000921_000952 nvenc_qp28                  612 kbps PSNR 39.07 sl 1-1 thr None/None QP I/P/B 22.0/28.0/  - I/P/B 2/268/0 6.8s
03:56:52 VIRAT_S_010001_09_000921_000952 nvenc_qp45                   70 kbps PSNR 31.63 sl 1-1 thr None/None QP I/P/B 36.0/45.0/  - I/P/B 2/268/0 6.2s
03:57:00 VIRAT_S_010001_09_000921_000952 nvenc_qp28_bf2_bqeq         659 kbps PSNR 39.23 sl 1-1 thr None/None QP I/P/B 22.0/28.0/28.0 I/P/B 2/90/178 8.0s
03:57:10 VIRAT_S_010001_10_000962_001005 nvenc_qp18                 1804 kbps PSNR 47.40 sl 1-1 thr None/None QP I/P/B 14.0/18.0/  - I/P/B 2/298/0 8.3s
03:57:18 VIRAT_S_010001_10_000962_001005 nvenc_qp23                 1002 kbps PSNR 42.17 sl 1-1 thr None/None QP I/P/B 18.0/23.0/  - I/P/B 2/298/0 7.8s
03:57:25 VIRAT_S_010001_10_000962_001005 nvenc_qp28                  470 kbps PSNR 39.17 sl 1-1 thr None/None QP I/P/B 22.0/28.0/  - I/P/B 2/298/0 7.3s
03:57:32 VIRAT_S_010001_10_000962_001005 nvenc_qp45                   65 kbps PSNR 31.89 sl 1-1 thr None/None QP I/P/B 36.0/45.0/  - I/P/B 2/298/0 6.8s
03:57:40 VIRAT_S_010001_10_000962_001005 nvenc_qp28_bf2_bqeq         545 kbps PSNR 39.31 sl 1-1 thr None/None QP I/P/B 22.0/28.0/28.0 I/P/B 2/100/198 8.4s
03:57:51 VIRAT_S_010002_00_000012_000120 nvenc_qp18                 2108 kbps PSNR 47.53 sl 1-1 thr None/None QP I/P/B 14.0/18.0/  - I/P/B 2/298/0 8.2s
03:57:59 VIRAT_S_010002_00_000012_000120 nvenc_qp23                 1319 kbps PSNR 42.57 sl 1-1 thr None/None QP I/P/B 18.0/23.0/  - I/P/B 2/298/0 8.0s
03:58:06 VIRAT_S_010002_00_000012_000120 nvenc_qp28                  633 kbps PSNR 39.20 sl 1-1 thr None/None QP I/P/B 22.0/28.0/  - I/P/B 2/298/0 7.3s
03:58:13 VIRAT_S_010002_00_000012_000120 nvenc_qp45                   66 kbps PSNR 31.54 sl 1-1 thr None/None QP I/P/B 36.0/45.0/  - I/P/B 2/298/0 6.8s
03:58:22 VIRAT_S_010002_00_000012_000120 nvenc_qp28_bf2_bqeq         687 kbps PSNR 39.36 sl 1-1 thr None/None QP I/P/B 22.0/28.0/28.0 I/P/B 2/100/198 9.2s
03:58:31 VIRAT_S_010002_01_000123_000148 nvenc_qp18                 2025 kbps PSNR 47.33 sl 1-1 thr None/None QP I/P/B 14.0/18.0/  - I/P/B 1/247/0 6.8s
03:58:37 VIRAT_S_010002_01_000123_000148 nvenc_qp23                 1205 kbps PSNR 42.21 sl 1-1 thr None/None QP I/P/B 18.0/23.0/  - I/P/B 1/247/0 6.6s
03:58:43 VIRAT_S_010002_01_000123_000148 nvenc_qp28                  533 kbps PSNR 39.02 sl 1-1 thr None/None QP I/P/B 22.0/28.0/  - I/P/B 1/247/0 6.1s
03:58:49 VIRAT_S_010002_01_000123_000148 nvenc_qp45                   47 kbps PSNR 31.40 sl 1-1 thr None/None QP I/P/B 36.0/45.0/  - I/P/B 1/247/0 6.1s
03:58:57 VIRAT_S_010002_01_000123_000148 nvenc_qp28_bf2_bqeq         586 kbps PSNR 39.15 sl 1-1 thr None/None QP I/P/B 22.0/28.0/28.0 I/P/B 1/83/164 7.2s
03:59:07 VIRAT_S_010002_02_000174_000204 nvenc_qp18                 1945 kbps PSNR 47.47 sl 1-1 thr None/None QP I/P/B 14.0/18.0/  - I/P/B 2/298/0 8.3s
03:59:15 VIRAT_S_010002_02_000174_000204 nvenc_qp23                 1131 kbps PSNR 42.23 sl 1-1 thr None/None QP I/P/B 18.0/23.0/  - I/P/B 2/298/0 7.7s
03:59:22 VIRAT_S_010002_02_000174_000204 nvenc_qp28                  550 kbps PSNR 39.15 sl 1-1 thr None/None QP I/P/B 22.0/28.0/  - I/P/B 2/298/0 7.4s
03:59:29 VIRAT_S_010002_02_000174_000204 nvenc_qp45                   79 kbps PSNR 31.61 sl 1-1 thr None/None QP I/P/B 36.0/45.0/  - I/P/B 2/298/0 7.0s
03:59:38 VIRAT_S_010002_02_000174_000204 nvenc_qp28_bf2_bqeq         633 kbps PSNR 39.29 sl 1-1 thr None/None QP I/P/B 22.0/28.0/28.0 I/P/B 2/100/198 8.5s
03:59:45 VIRAT_S_010002_03_000236_000261 nvenc_qp18                 2121 kbps PSNR 46.90 sl 1-1 thr None/None QP I/P/B 14.0/18.0/  - I/P/B 1/206/0 5.9s
03:59:51 VIRAT_S_010002_03_000236_000261 nvenc_qp23                 1233 kbps PSNR 41.97 sl 1-1 thr None/None QP I/P/B 18.0/23.0/  - I/P/B 1/206/0 5.7s
03:59:56 VIRAT_S_010002_03_000236_000261 nvenc_qp28                  549 kbps PSNR 38.66 sl 1-1 thr None/None QP I/P/B 22.0/28.0/  - I/P/B 1/206/0 5.1s
04:00:01 VIRAT_S_010002_03_000236_000261 nvenc_qp45                   59 kbps PSNR 31.44 sl 1-1 thr None/None QP I/P/B 36.0/45.0/  - I/P/B 1/206/0 5.0s
04:00:08 VIRAT_S_010002_03_000236_000261 nvenc_qp28_bf2_bqeq         610 kbps PSNR 38.84 sl 1-1 thr None/None QP I/P/B 22.0/28.0/28.0 I/P/B 1/69/137 6.9s
04:00:18 VIRAT_S_010002_04_000307_000350 nvenc_qp18                 2136 kbps PSNR 47.56 sl 1-1 thr None/None QP I/P/B 14.0/18.0/  - I/P/B 2/298/0 8.4s
04:00:26 VIRAT_S_010002_04_000307_000350 nvenc_qp23                 1364 kbps PSNR 42.64 sl 1-1 thr None/None QP I/P/B 18.0/23.0/  - I/P/B 2/298/0 8.0s
04:00:34 VIRAT_S_010002_04_000307_000350 nvenc_qp28                  645 kbps PSNR 39.20 sl 1-1 thr None/None QP I/P/B 22.0/28.0/  - I/P/B 2/298/0 7.7s
04:00:41 VIRAT_S_010002_04_000307_000350 nvenc_qp45                   68 kbps PSNR 31.47 sl 1-1 thr None/None QP I/P/B 36.0/45.0/  - I/P/B 2/298/0 6.9s
04:00:50 VIRAT_S_010002_04_000307_000350 nvenc_qp28_bf2_bqeq         700 kbps PSNR 39.31 sl 1-1 thr None/None QP I/P/B 22.0/28.0/28.0 I/P/B 2/100/198 8.8s
04:00:59 VIRAT_S_010003_00_000000_000108 nvenc_qp18                  866 kbps PSNR 49.38 sl 1-1 thr None/None QP I/P/B 14.0/18.0/  - I/P/B 2/298/0 7.6s
04:01:06 VIRAT_S_010003_00_000000_000108 nvenc_qp23                  677 kbps PSNR 44.98 sl 1-1 thr None/None QP I/P/B 18.0/23.0/  - I/P/B 2/298/0 7.4s
04:01:13 VIRAT_S_010003_00_000000_000108 nvenc_qp28                  461 kbps PSNR 40.96 sl 1-1 thr None/None QP I/P/B 22.0/28.0/  - I/P/B 2/298/0 7.1s
04:01:20 VIRAT_S_010003_00_000000_000108 nvenc_qp45                   81 kbps PSNR 32.32 sl 1-1 thr None/None QP I/P/B 36.0/45.0/  - I/P/B 2/298/0 7.0s
04:01:29 VIRAT_S_010003_00_000000_000108 nvenc_qp28_bf2_bqeq         583 kbps PSNR 40.92 sl 1-1 thr None/None QP I/P/B 22.0/28.0/28.0 I/P/B 2/100/198 8.7s
04:01:37 VIRAT_S_010003_01_000111_000137 nvenc_qp18                 1013 kbps PSNR 47.51 sl 1-1 thr None/None QP I/P/B 14.0/18.0/  - I/P/B 1/233/0 6.4s
04:01:43 VIRAT_S_010003_01_000111_000137 nvenc_qp23                  636 kbps PSNR 42.02 sl 1-1 thr None/None QP I/P/B 18.0/23.0/  - I/P/B 1/233/0 5.7s
04:01:49 VIRAT_S_010003_01_000111_000137 nvenc_qp28                  315 kbps PSNR 39.08 sl 1-1 thr None/None QP I/P/B 22.0/28.0/  - I/P/B 1/233/0 5.9s
04:01:54 VIRAT_S_010003_01_000111_000137 nvenc_qp45                   54 kbps PSNR 32.36 sl 1-1 thr None/None QP I/P/B 36.0/45.0/  - I/P/B 1/233/0 5.7s
04:02:01 VIRAT_S_010003_01_000111_000137 nvenc_qp28_bf2_bqeq         404 kbps PSNR 39.13 sl 1-1 thr None/None QP I/P/B 22.0/28.0/28.0 I/P/B 1/78/155 6.6s
04:02:11 VIRAT_S_010003_02_000165_000202 nvenc_qp18                 1469 kbps PSNR 46.84 sl 1-1 thr None/None QP I/P/B 14.0/18.0/  - I/P/B 2/298/0 8.4s
04:02:19 VIRAT_S_010003_02_000165_000202 nvenc_qp23                  853 kbps PSNR 42.02 sl 1-1 thr None/None QP I/P/B 18.0/23.0/  - I/P/B 2/298/0 7.8s
04:02:26 VIRAT_S_010003_02_000165_000202 nvenc_qp28                  464 kbps PSNR 39.23 sl 1-1 thr None/None QP I/P/B 22.0/28.0/  - I/P/B 2/298/0 7.3s
04:02:33 VIRAT_S_010003_02_000165_000202 nvenc_qp45                   72 kbps PSNR 32.20 sl 1-1 thr None/None QP I/P/B 36.0/45.0/  - I/P/B 2/298/0 7.2s
04:02:44 VIRAT_S_010003_02_000165_000202 nvenc_qp28_bf2_bqeq         595 kbps PSNR 39.14 sl 1-1 thr None/None QP I/P/B 22.0/28.0/28.0 I/P/B 2/100/198 10.4s
04:02:54 VIRAT_S_010003_03_000219_000259 nvenc_qp18                 1438 kbps PSNR 47.38 sl 1-1 thr None/None QP I/P/B 14.0/18.0/  - I/P/B 2/298/0 8.8s
04:03:02 VIRAT_S_010003_03_000219_000259 nvenc_qp23                  951 kbps PSNR 42.63 sl 1-1 thr None/None QP I/P/B 18.0/23.0/  - I/P/B 2/298/0 7.8s
04:03:10 VIRAT_S_010003_03_000219_000259 nvenc_qp28                  543 kbps PSNR 39.34 sl 1-1 thr None/None QP I/P/B 22.0/28.0/  - I/P/B 2/298/0 7.3s
04:03:17 VIRAT_S_010003_03_000219_000259 nvenc_qp45                   75 kbps PSNR 31.61 sl 1-1 thr None/None QP I/P/B 36.0/45.0/  - I/P/B 2/298/0 7.1s
04:03:26 VIRAT_S_010003_03_000219_000259 nvenc_qp28_bf2_bqeq         697 kbps PSNR 39.20 sl 1-1 thr None/None QP I/P/B 22.0/28.0/28.0 I/P/B 2/100/198 9.0s
04:03:34 VIRAT_S_010003_05_000499_000523 nvenc_qp18                 1219 kbps PSNR 46.77 sl 1-1 thr None/None QP I/P/B 14.0/18.0/  - I/P/B 1/236/0 6.4s
04:03:40 VIRAT_S_010003_05_000499_000523 nvenc_qp23                  593 kbps PSNR 41.23 sl 1-1 thr None/None QP I/P/B 18.0/23.0/  - I/P/B 1/236/0 6.1s
04:03:46 VIRAT_S_010003_05_000499_000523 nvenc_qp28                  294 kbps PSNR 38.99 sl 1-1 thr None/None QP I/P/B 22.0/28.0/  - I/P/B 1/236/0 5.6s
04:03:51 VIRAT_S_010003_05_000499_000523 nvenc_qp45                   50 kbps PSNR 32.15 sl 1-1 thr None/None QP I/P/B 36.0/45.0/  - I/P/B 1/236/0 5.8s
04:03:58 VIRAT_S_010003_05_000499_000523 nvenc_qp28_bf2_bqeq         370 kbps PSNR 39.05 sl 1-1 thr None/None QP I/P/B 22.0/28.0/28.0 I/P/B 1/79/157 6.8s
04:04:08 VIRAT_S_010003_06_000526_000560 nvenc_qp18                 1375 kbps PSNR 46.60 sl 1-1 thr None/None QP I/P/B 14.0/18.0/  - I/P/B 2/298/0 8.0s
04:04:16 VIRAT_S_010003_06_000526_000560 nvenc_qp23                  684 kbps PSNR 41.45 sl 1-1 thr None/None QP I/P/B 18.0/23.0/  - I/P/B 2/298/0 7.6s
04:04:23 VIRAT_S_010003_06_000526_000560 nvenc_qp28                  335 kbps PSNR 39.05 sl 1-1 thr None/None QP I/P/B 22.0/28.0/  - I/P/B 2/298/0 7.1s
04:04:30 VIRAT_S_010003_06_000526_000560 nvenc_qp45                   60 kbps PSNR 32.48 sl 1-1 thr None/None QP I/P/B 36.0/45.0/  - I/P/B 2/298/0 7.1s
04:04:38 VIRAT_S_010003_06_000526_000560 nvenc_qp28_bf2_bqeq         405 kbps PSNR 39.11 sl 1-1 thr None/None QP I/P/B 22.0/28.0/28.0 I/P/B 2/100/198 8.5s
04:04:45 VIRAT_S_010003_07_000608_000636 nvenc_qp18                  809 kbps PSNR 47.60 sl 1-1 thr None/None QP I/P/B 14.0/18.0/  - I/P/B 1/194/0 5.1s
04:04:50 VIRAT_S_010003_07_000608_000636 nvenc_qp23                  506 kbps PSNR 41.92 sl 1-1 thr None/None QP I/P/B 18.0/23.0/  - I/P/B 1/194/0 4.8s
04:04:54 VIRAT_S_010003_07_000608_000636 nvenc_qp28                  261 kbps PSNR 39.32 sl 1-1 thr None/None QP I/P/B 22.0/28.0/  - I/P/B 1/194/0 4.7s
04:04:59 VIRAT_S_010003_07_000608_000636 nvenc_qp45                   51 kbps PSNR 32.47 sl 1-1 thr None/None QP I/P/B 36.0/45.0/  - I/P/B 1/194/0 4.6s
04:05:05 VIRAT_S_010003_07_000608_000636 nvenc_qp28_bf2_bqeq         330 kbps PSNR 39.35 sl 1-1 thr None/None QP I/P/B 22.0/28.0/28.0 I/P/B 1/65/129 5.6s
04:05:13 VIRAT_S_010003_10_000901_000934 nvenc_qp18                  834 kbps PSNR 48.91 sl 1-1 thr None/None QP I/P/B 14.0/18.0/  - I/P/B 2/298/0 7.5s
04:05:21 VIRAT_S_010003_10_000901_000934 nvenc_qp23                  632 kbps PSNR 44.33 sl 1-1 thr None/None QP I/P/B 18.0/23.0/  - I/P/B 2/298/0 7.4s
04:05:28 VIRAT_S_010003_10_000901_000934 nvenc_qp28                  359 kbps PSNR 39.92 sl 1-1 thr None/None QP I/P/B 22.0/28.0/  - I/P/B 2/298/0 7.3s
04:05:35 VIRAT_S_010003_10_000901_000934 nvenc_qp45                   69 kbps PSNR 32.23 sl 1-1 thr None/None QP I/P/B 36.0/45.0/  - I/P/B 2/298/0 7.0s
04:05:44 VIRAT_S_010003_10_000901_000934 nvenc_qp28_bf2_bqeq         463 kbps PSNR 39.93 sl 1-1 thr None/None QP I/P/B 22.0/28.0/28.0 I/P/B 2/100/198 8.4s
04:05:53 VIRAT_S_010003_13_001066_001124 nvenc_qp18                  873 kbps PSNR 49.37 sl 1-1 thr None/None QP I/P/B 14.0/18.0/  - I/P/B 2/298/0 7.4s
04:06:00 VIRAT_S_010003_13_001066_001124 nvenc_qp23                  693 kbps PSNR 44.82 sl 1-1 thr None/None QP I/P/B 18.0/23.0/  - I/P/B 2/298/0 7.4s
04:06:07 VIRAT_S_010003_13_001066_001124 nvenc_qp28                  438 kbps PSNR 40.69 sl 1-1 thr None/None QP I/P/B 22.0/28.0/  - I/P/B 2/298/0 7.3s
04:06:14 VIRAT_S_010003_13_001066_001124 nvenc_qp45                   76 kbps PSNR 31.92 sl 1-1 thr None/None QP I/P/B 36.0/45.0/  - I/P/B 2/298/0 7.0s
04:06:23 VIRAT_S_010003_13_001066_001124 nvenc_qp28_bf2_bqeq         574 kbps PSNR 40.70 sl 1-1 thr None/None QP I/P/B 22.0/28.0/28.0 I/P/B 2/100/198 8.5s
04:06:32 VIRAT_S_010004_03_000239_000277 nvenc_qp18                 1096 kbps PSNR 48.09 sl 1-1 thr None/None QP I/P/B 14.0/18.0/  - I/P/B 2/298/0 7.9s
04:06:40 VIRAT_S_010004_03_000239_000277 nvenc_qp23                  668 kbps PSNR 43.05 sl 1-1 thr None/None QP I/P/B 18.0/23.0/  - I/P/B 2/298/0 7.5s
04:06:47 VIRAT_S_010004_03_000239_000277 nvenc_qp28                  341 kbps PSNR 38.98 sl 1-1 thr None/None QP I/P/B 22.0/28.0/  - I/P/B 2/298/0 7.1s
04:06:54 VIRAT_S_010004_03_000239_000277 nvenc_qp45                   66 kbps PSNR 31.78 sl 1-1 thr None/None QP I/P/B 36.0/45.0/  - I/P/B 2/298/0 7.1s
04:07:03 VIRAT_S_010004_03_000239_000277 nvenc_qp28_bf2_bqeq         464 kbps PSNR 39.02 sl 1-1 thr None/None QP I/P/B 22.0/28.0/28.0 I/P/B 2/100/198 8.7s
04:07:12 VIRAT_S_010004_06_000547_000715 nvenc_qp18                  916 kbps PSNR 48.43 sl 1-1 thr None/None QP I/P/B 14.0/18.0/  - I/P/B 2/298/0 7.8s
04:07:20 VIRAT_S_010004_06_000547_000715 nvenc_qp23                  666 kbps PSNR 43.72 sl 1-1 thr None/None QP I/P/B 18.0/23.0/  - I/P/B 2/298/0 7.5s
04:07:27 VIRAT_S_010004_06_000547_000715 nvenc_qp28                  354 kbps PSNR 39.69 sl 1-1 thr None/None QP I/P/B 22.0/28.0/  - I/P/B 2/298/0 7.2s
04:07:34 VIRAT_S_010004_06_000547_000715 nvenc_qp45                   63 kbps PSNR 32.23 sl 1-1 thr None/None QP I/P/B 36.0/45.0/  - I/P/B 2/298/0 7.1s
04:07:42 VIRAT_S_010004_06_000547_000715 nvenc_qp28_bf2_bqeq         449 kbps PSNR 39.72 sl 1-1 thr None/None QP I/P/B 22.0/28.0/28.0 I/P/B 2/100/198 8.4s
04:07:51 VIRAT_S_010004_07_000729_000809 nvenc_qp18                  839 kbps PSNR 49.11 sl 1-1 thr None/None QP I/P/B 14.0/18.0/  - I/P/B 2/298/0 7.6s
04:07:59 VIRAT_S_010004_07_000729_000809 nvenc_qp23                  629 kbps PSNR 44.39 sl 1-1 thr None/None QP I/P/B 18.0/23.0/  - I/P/B 2/298/0 7.5s
04:08:06 VIRAT_S_010004_07_000729_000809 nvenc_qp28                  348 kbps PSNR 40.07 sl 1-1 thr None/None QP I/P/B 22.0/28.0/  - I/P/B 2/298/0 7.1s
04:08:13 VIRAT_S_010004_07_000729_000809 nvenc_qp45                   65 kbps PSNR 32.42 sl 1-1 thr None/None QP I/P/B 36.0/45.0/  - I/P/B 2/298/0 7.0s
04:08:21 VIRAT_S_010004_07_000729_000809 nvenc_qp28_bf2_bqeq         435 kbps PSNR 40.11 sl 1-1 thr None/None QP I/P/B 22.0/28.0/28.0 I/P/B 2/100/198 8.5s
04:08:31 VIRAT_S_010004_08_000811_000920 nvenc_qp18                 1129 kbps PSNR 47.90 sl 1-1 thr None/None QP I/P/B 14.0/18.0/  - I/P/B 2/298/0 7.6s
04:08:38 VIRAT_S_010004_08_000811_000920 nvenc_qp23                  773 kbps PSNR 42.57 sl 1-1 thr None/None QP I/P/B 18.0/23.0/  - I/P/B 2/298/0 7.5s
04:08:46 VIRAT_S_010004_08_000811_000920 nvenc_qp28                  462 kbps PSNR 39.54 sl 1-1 thr None/None QP I/P/B 22.0/28.0/  - I/P/B 2/298/0 7.4s
04:08:53 VIRAT_S_010004_08_000811_000920 nvenc_qp45                   77 kbps PSNR 32.02 sl 1-1 thr None/None QP I/P/B 36.0/45.0/  - I/P/B 2/298/0 7.0s
04:09:01 VIRAT_S_010004_08_000811_000920 nvenc_qp28_bf2_bqeq         567 kbps PSNR 39.55 sl 1-1 thr None/None QP I/P/B 22.0/28.0/28.0 I/P/B 2/100/198 8.5s
04:09:09 VIRAT_S_010005_00_000048_000075 nvenc_qp18                 1233 kbps PSNR 47.36 sl 1-1 thr None/None QP I/P/B 14.0/18.0/  - I/P/B 1/247/0 6.5s
04:09:16 VIRAT_S_010005_00_000048_000075 nvenc_qp23                  700 kbps PSNR 41.91 sl 1-1 thr None/None QP I/P/B 18.0/23.0/  - I/P/B 1/247/0 6.3s
04:09:22 VIRAT_S_010005_00_000048_000075 nvenc_qp28                  319 kbps PSNR 38.80 sl 1-1 thr None/None QP I/P/B 22.0/28.0/  - I/P/B 1/247/0 6.1s
04:09:28 VIRAT_S_010005_00_000048_000075 nvenc_qp45                   44 kbps PSNR 32.05 sl 1-1 thr None/None QP I/P/B 36.0/45.0/  - I/P/B 1/247/0 5.9s
04:09:35 VIRAT_S_010005_00_000048_000075 nvenc_qp28_bf2_bqeq         417 kbps PSNR 38.89 sl 1-1 thr None/None QP I/P/B 22.0/28.0/28.0 I/P/B 1/83/164 7.0s
04:09:45 VIRAT_S_010005_02_000177_000203 nvenc_qp18                 1355 kbps PSNR 46.57 sl 1-1 thr None/None QP I/P/B 14.0/18.0/  - I/P/B 2/298/0 8.2s
04:09:52 VIRAT_S_010005_02_000177_000203 nvenc_qp23                  643 kbps PSNR 41.45 sl 1-1 thr None/None QP I/P/B 18.0/23.0/  - I/P/B 2/298/0 7.4s
04:09:59 VIRAT_S_010005_02_000177_000203 nvenc_qp28                  337 kbps PSNR 39.18 sl 1-1 thr None/None QP I/P/B 22.0/28.0/  - I/P/B 2/298/0 7.3s
04:10:07 VIRAT_S_010005_02_000177_000203 nvenc_qp45                   63 kbps PSNR 32.05 sl 1-1 thr None/None QP I/P/B 36.0/45.0/  - I/P/B 2/298/0 7.3s
04:10:15 VIRAT_S_010005_02_000177_000203 nvenc_qp28_bf2_bqeq         413 kbps PSNR 39.22 sl 1-1 thr None/None QP I/P/B 22.0/28.0/28.0 I/P/B 2/100/198 8.5s
04:10:25 VIRAT_S_010005_03_000215_000270 nvenc_qp18                 1211 kbps PSNR 46.81 sl 1-1 thr None/None QP I/P/B 14.0/18.0/  - I/P/B 2/298/0 8.0s
04:10:32 VIRAT_S_010005_03_000215_000270 nvenc_qp23                  626 kbps PSNR 41.83 sl 1-1 thr None/None QP I/P/B 18.0/23.0/  - I/P/B 2/298/0 7.5s
04:10:39 VIRAT_S_010005_03_000215_000270 nvenc_qp28                  333 kbps PSNR 39.26 sl 1-1 thr None/None QP I/P/B 22.0/28.0/  - I/P/B 2/298/0 7.0s
04:10:46 VIRAT_S_010005_03_000215_000270 nvenc_qp45                   61 kbps PSNR 32.57 sl 1-1 thr None/None QP I/P/B 36.0/45.0/  - I/P/B 2/298/0 7.0s
04:10:55 VIRAT_S_010005_03_000215_000270 nvenc_qp28_bf2_bqeq         414 kbps PSNR 39.31 sl 1-1 thr None/None QP I/P/B 22.0/28.0/28.0 I/P/B 2/100/198 8.4s
04:11:01 VIRAT_S_010005_04_000299_000323 nvenc_qp18                 1227 kbps PSNR 46.46 sl 1-1 thr None/None QP I/P/B 14.0/18.0/  - I/P/B 1/192/0 5.2s
04:11:06 VIRAT_S_010005_04_000299_000323 nvenc_qp23                  590 kbps PSNR 41.45 sl 1-1 thr None/None QP I/P/B 18.0/23.0/  - I/P/B 1/192/0 5.0s
04:11:11 VIRAT_S_010005_04_000299_000323 nvenc_qp28                  290 kbps PSNR 39.01 sl 1-1 thr None/None QP I/P/B 22.0/28.0/  - I/P/B 1/192/0 4.7s
04:11:15 VIRAT_S_010005_04_000299_000323 nvenc_qp45                   49 kbps PSNR 32.11 sl 1-1 thr None/None QP I/P/B 36.0/45.0/  - I/P/B 1/192/0 4.5s
04:11:21 VIRAT_S_010005_04_000299_000323 nvenc_qp28_bf2_bqeq         368 kbps PSNR 39.08 sl 1-1 thr None/None QP I/P/B 22.0/28.0/28.0 I/P/B 1/64/128 5.5s
04:11:22 NVENC finished at 2261s
04:14:26 RAFT VIRAT_S_000205_02_000409_000566 299 pairs 183s peak VRAM 2.65 GB
04:17:29 RAFT VIRAT_S_000206_07_001501_001600 299 pairs 182s peak VRAM 2.65 GB
04:20:32 RAFT VIRAT_S_000206_08_001618_001712 299 pairs 182s peak VRAM 2.65 GB
04:23:34 RAFT VIRAT_S_000207_00_000000_000045 299 pairs 182s peak VRAM 2.65 GB
04:26:36 RAFT VIRAT_S_000207_01_000094_000156 299 pairs 181s peak VRAM 2.65 GB
04:29:39 RAFT VIRAT_S_000207_03_000556_000590 299 pairs 181s peak VRAM 2.65 GB
04:32:40 RAFT VIRAT_S_000207_04_000902_000934 299 pairs 181s peak VRAM 2.65 GB
04:35:43 RAFT VIRAT_S_000207_05_001125_001193 299 pairs 182s peak VRAM 2.65 GB
04:38:47 RAFT VIRAT_S_010000_00_000000_000165 299 pairs 183s peak VRAM 2.65 GB
04:41:50 RAFT VIRAT_S_010000_01_000184_000324 299 pairs 183s peak VRAM 2.65 GB
04:44:48 RAFT VIRAT_S_010000_02_000388_000421 291 pairs 177s peak VRAM 2.65 GB
04:47:51 RAFT VIRAT_S_010000_03_000442_000528 299 pairs 182s peak VRAM 2.65 GB
04:50:54 RAFT VIRAT_S_010000_04_000530_000605 299 pairs 182s peak VRAM 2.65 GB
04:53:57 RAFT VIRAT_S_010000_05_000638_000718 299 pairs 182s peak VRAM 2.65 GB
04:57:00 RAFT VIRAT_S_010000_06_000728_000762 299 pairs 183s peak VRAM 2.65 GB
05:00:02 RAFT VIRAT_S_010000_07_000827_000860 299 pairs 181s peak VRAM 2.65 GB
05:03:05 RAFT VIRAT_S_010000_08_000893_001024 299 pairs 182s peak VRAM 2.65 GB
05:06:07 RAFT VIRAT_S_010001_00_000019_000065 299 pairs 182s peak VRAM 2.65 GB
05:09:13 RAFT VIRAT_S_010001_01_000071_000167 299 pairs 185s peak VRAM 2.65 GB
05:12:18 RAFT VIRAT_S_010001_02_000195_000498 299 pairs 184s peak VRAM 2.65 GB
05:14:18 RAFT VIRAT_S_010001_03_000537_000563 195 pairs 120s peak VRAM 2.65 GB
05:17:20 RAFT VIRAT_S_010001_04_000583_000646 299 pairs 182s peak VRAM 2.65 GB
05:20:23 RAFT VIRAT_S_010001_05_000649_000684 299 pairs 182s peak VRAM 2.65 GB
05:23:25 RAFT VIRAT_S_010001_06_000685_000722 299 pairs 182s peak VRAM 2.65 GB
05:26:28 RAFT VIRAT_S_010001_07_000741_000810 299 pairs 182s peak VRAM 2.65 GB
05:29:31 RAFT VIRAT_S_010001_08_000826_000893 299 pairs 182s peak VRAM 2.65 GB
05:32:15 RAFT VIRAT_S_010001_09_000921_000952 269 pairs 164s peak VRAM 2.65 GB
05:35:18 RAFT VIRAT_S_010001_10_000962_001005 299 pairs 182s peak VRAM 2.65 GB
05:38:21 RAFT VIRAT_S_010002_00_000012_000120 299 pairs 182s peak VRAM 2.65 GB
05:40:51 RAFT VIRAT_S_010002_01_000123_000148 247 pairs 150s peak VRAM 2.65 GB
05:43:53 RAFT VIRAT_S_010002_02_000174_000204 299 pairs 182s peak VRAM 2.65 GB
05:45:58 RAFT VIRAT_S_010002_03_000236_000261 206 pairs 126s peak VRAM 2.65 GB
05:49:01 RAFT VIRAT_S_010002_04_000307_000350 299 pairs 183s peak VRAM 2.65 GB
05:52:02 RAFT VIRAT_S_010003_00_000000_000108 299 pairs 180s peak VRAM 2.65 GB
05:54:25 RAFT VIRAT_S_010003_01_000111_000137 233 pairs 142s peak VRAM 2.65 GB
05:57:27 RAFT VIRAT_S_010003_02_000165_000202 299 pairs 182s peak VRAM 2.65 GB
06:00:26 RAFT VIRAT_S_010003_03_000219_000259 299 pairs 179s peak VRAM 2.65 GB
06:02:52 RAFT VIRAT_S_010003_05_000499_000523 236 pairs 146s peak VRAM 2.65 GB
06:05:58 RAFT VIRAT_S_010003_06_000526_000560 299 pairs 185s peak VRAM 2.65 GB
06:07:57 RAFT VIRAT_S_010003_07_000608_000636 194 pairs 119s peak VRAM 2.65 GB
06:11:00 RAFT VIRAT_S_010003_10_000901_000934 299 pairs 183s peak VRAM 2.65 GB
06:14:03 RAFT VIRAT_S_010003_13_001066_001124 299 pairs 182s peak VRAM 2.65 GB
06:17:07 RAFT VIRAT_S_010004_03_000239_000277 299 pairs 184s peak VRAM 2.65 GB
06:20:08 RAFT VIRAT_S_010004_06_000547_000715 299 pairs 181s peak VRAM 2.65 GB
06:23:10 RAFT VIRAT_S_010004_07_000729_000809 299 pairs 181s peak VRAM 2.65 GB
06:26:13 RAFT VIRAT_S_010004_08_000811_000920 299 pairs 182s peak VRAM 2.65 GB
06:28:43 RAFT VIRAT_S_010005_00_000048_000075 247 pairs 150s peak VRAM 2.65 GB
06:31:45 RAFT VIRAT_S_010005_02_000177_000203 299 pairs 182s peak VRAM 2.65 GB
06:34:48 RAFT VIRAT_S_010005_03_000215_000270 299 pairs 182s peak VRAM 2.65 GB
06:36:47 RAFT VIRAT_S_010005_04_000299_000323 192 pairs 118s peak VRAM 2.65 GB
06:36:47 DONE status done in 10986s: records 450, ok 450, failed 0, with mismatches 0, skipped 0; RAFT done (50 clips ok); data 6.2 GB, encodes 0.7 GB, free 37.7 GB
