loading ['alley_1', 'ambush_5', 'ambush_7', 'bandage_2']
loaded in 12s
x264_crf12             alley_1         5739 kbps  PSNR 48.16  IPPPPPPPPPPPPP  3.9s
x264_crf12             ambush_5        6686 kbps  PSNR 49.55  IPPPPPPPPPPPPP  3.5s
x264_crf12             ambush_7        4652 kbps  PSNR 50.36  IPPPPPPPPPPPPP  3.4s
x264_crf12             bandage_2       6954 kbps  PSNR 48.44  IPPPPPPPPPPPPP  3.4s
x264_crf18             alley_1         2458 kbps  PSNR 44.35  IPPPPPPPPPPPPP  3.3s
x264_crf18             ambush_5        3077 kbps  PSNR 45.86  IPPPPPPPPPPPPP  3.3s
x264_crf18             ambush_7        2094 kbps  PSNR 46.75  IPPPPPPPPPPPPP  3.2s
x264_crf18             bandage_2       3324 kbps  PSNR 43.96  IPPPPPPPPPPPPP  3.4s
x264_crf23             alley_1         1247 kbps  PSNR 41.18  IPPPPPPPPPPPPP  3.3s
x264_crf23             ambush_5        1615 kbps  PSNR 42.90  IPPPPPPPPPPPPP  3.3s
x264_crf23             ambush_7        1095 kbps  PSNR 43.80  IPPPPPPPPPPPPP  3.1s
x264_crf23             bandage_2       1738 kbps  PSNR 40.37  IPPPPPPPPPPPPP  3.4s
x264_crf28             alley_1          675 kbps  PSNR 38.02  IPPPPPPPPPPPPP  3.2s
x264_crf28             ambush_5         905 kbps  PSNR 40.07  IPPPPPPPPPPPPP  3.1s
x264_crf28             ambush_7         580 kbps  PSNR 40.84  IPPPPPPPPPPPPP  3.2s
x264_crf28             bandage_2        913 kbps  PSNR 36.95  IPPPPPPPPPPPPP  3.2s
x264_crf33             alley_1          390 kbps  PSNR 35.01  IPPPPPPPPPPPPP  3.2s
x264_crf33             ambush_5         547 kbps  PSNR 37.38  IPPPPPPPPPPPPP  3.1s
x264_crf33             ambush_7         326 kbps  PSNR 37.93  IPPPPPPPPPPPPP  3.0s
x264_crf33             bandage_2        504 kbps  PSNR 33.79  IPPPPPPPPPPPPP  3.1s
x264_crf38             alley_1          239 kbps  PSNR 32.23  IPPPPPPPPPPPPP  3.2s
x264_crf38             ambush_5         343 kbps  PSNR 34.68  IPPPPPPPPPPPPP  3.2s
x264_crf38             ambush_7         198 kbps  PSNR 35.04  IPPPPPPPPPPPPP  3.1s
x264_crf38             bandage_2        303 kbps  PSNR 30.92  IPPPPPPPPPPPPP  3.2s
x264_crf45             alley_1          140 kbps  PSNR 28.49  IPPPPPPPPPPPPP  3.2s
x264_crf45             ambush_5         187 kbps  PSNR 30.72  IPPPPPPPPPPPPP  3.2s
x264_crf45             ambush_7         109 kbps  PSNR 30.43  IPPPPPPPPPPPPP  3.2s
x264_crf45             bandage_2        165 kbps  PSNR 27.41  IPPPPPPPPPPPPP  3.2s
x264_crf23_bf2         alley_1         1058 kbps  PSNR 41.59  IBBPBBPBBPBPBB  1.0s
x264_crf23_bf2         ambush_5        1577 kbps  PSNR 42.81  IBBPBBPBBPBPBP  1.4s
x264_crf23_bf2         ambush_7         907 kbps  PSNR 43.96  IBBPBBPBBPBBPB  1.3s
x264_crf23_bf2         bandage_2       1599 kbps  PSNR 40.24  IBPBPBPBPPPPBP  1.8s
x264_crf23_ref2        alley_1         1223 kbps  PSNR 41.37  IPPPPPPPPPPPPP  1.1s
x264_crf23_ref2        ambush_5        1587 kbps  PSNR 42.94  IPPPPPPPPPPPPP  1.0s
x264_crf23_ref2        ambush_7        1078 kbps  PSNR 43.89  IPPPPPPPPPPPPP  0.9s
x264_crf23_ref2        bandage_2       1723 kbps  PSNR 40.41  IPPPPPPPPPPPPP  1.0s
x264_crf23_ref3        alley_1         1223 kbps  PSNR 41.42  IPPPPPPPPPPPPP  1.0s
x264_crf23_ref3        ambush_5        1588 kbps  PSNR 42.94  IPPPPPPPPPPPPP  1.1s
x264_crf23_ref3        ambush_7        1069 kbps  PSNR 43.92  IPPPPPPPPPPPPP  1.0s
x264_crf23_ref3        bandage_2       1724 kbps  PSNR 40.42  IPPPPPPPPPPPPP  1.1s
x264_crf23_ultrafast   alley_1         3395 kbps  PSNR 39.89  IPPPPPPPPPPPPP  3.2s
x264_crf23_ultrafast   ambush_5        2622 kbps  PSNR 41.68  IPPPPPPPPPPPPP  2.9s
x264_crf23_ultrafast   ambush_7        2260 kbps  PSNR 43.78  IPPPPPPPPPPPPP  2.9s
x264_crf23_ultrafast   bandage_2       4013 kbps  PSNR 40.77  IPPPPPPPPPPPPP  3.0s
x264_crf23_keyint30    alley_1         1355 kbps  PSNR 41.39  IPPPPPPPPPPPPP  3.1s
x264_crf23_keyint30    ambush_5        1652 kbps  PSNR 42.97  IPPPPPPPPPPPPP  3.0s
x264_crf23_keyint30    ambush_7        1152 kbps  PSNR 43.91  IPPPPPPPPPPPPP  3.1s
x264_crf23_keyint30    bandage_2       1871 kbps  PSNR 40.50  IPPPPPPPPPPPPP  3.2s
nvenc_qp18             alley_1         3874 kbps  PSNR 46.89  IPPPPPPPPPPPPP  3.4s
nvenc_qp18             ambush_5        4566 kbps  PSNR 48.09  IPPPPPPPPPPPPP  3.3s
nvenc_qp18             ambush_7        2860 kbps  PSNR 48.89  IPPPPPPPPPPPPP  3.3s
nvenc_qp18             bandage_2       5360 kbps  PSNR 47.13  IPPPPPPPPPPPPP  3.3s
nvenc_qp23             alley_1         1906 kbps  PSNR 43.34  IPPPPPPPPPPPPP  3.3s
nvenc_qp23             ambush_5        2337 kbps  PSNR 45.10  IPPPPPPPPPPPPP  3.3s
nvenc_qp23             ambush_7        1464 kbps  PSNR 45.91  IPPPPPPPPPPPPP  3.1s
nvenc_qp23             bandage_2       2958 kbps  PSNR 43.65  IPPPPPPPPPPPPP  3.3s
nvenc_qp28             alley_1         1001 kbps  PSNR 40.27  IPPPPPPPPPPPPP  3.2s
nvenc_qp28             ambush_5        1249 kbps  PSNR 42.56  IPPPPPPPPPPPPP  3.1s
nvenc_qp28             ambush_7         771 kbps  PSNR 43.28  IPPPPPPPPPPPPP  3.2s
nvenc_qp28             bandage_2       1597 kbps  PSNR 40.45  IPPPPPPPPPPPPP  3.4s
nvenc_qp33             alley_1          541 kbps  PSNR 37.21  IPPPPPPPPPPPPP  3.4s
nvenc_qp33             ambush_5         698 kbps  PSNR 39.99  IPPPPPPPPPPPPP  3.9s
nvenc_qp33             ambush_7         399 kbps  PSNR 40.51  IPPPPPPPPPPPPP  3.3s
nvenc_qp33             bandage_2        827 kbps  PSNR 37.13  IPPPPPPPPPPPPP  3.7s
nvenc_qp38             alley_1          304 kbps  PSNR 34.39  IPPPPPPPPPPPPP  4.0s
nvenc_qp38             ambush_5         403 kbps  PSNR 37.55  IPPPPPPPPPPPPP  3.7s
nvenc_qp38             ambush_7         222 kbps  PSNR 37.97  IPPPPPPPPPPPPP  3.7s
nvenc_qp38             bandage_2        433 kbps  PSNR 33.97  IPPPPPPPPPPPPP  3.6s
nvenc_qp45             alley_1          171 kbps  PSNR 30.93  IPPPPPPPPPPPPP  3.5s
nvenc_qp45             ambush_5         207 kbps  PSNR 34.04  IPPPPPPPPPPPPP  3.3s
nvenc_qp45             ambush_7         118 kbps  PSNR 34.24  IPPPPPPPPPPPPP  3.4s
nvenc_qp45             bandage_2        193 kbps  PSNR 30.11  IPPPPPPPPPPPPP  3.3s
nvenc_qp28_bf2         alley_1          695 kbps  PSNR 39.81  IBBPBBPBBPBBPB  1.3s
nvenc_qp28_bf2         ambush_5         944 kbps  PSNR 40.75  IBBPBBPBBPBBPB  1.1s
nvenc_qp28_bf2         ambush_7         514 kbps  PSNR 42.08  IBBPBBPBBPBBPB  1.2s
nvenc_qp28_bf2         bandage_2       1152 kbps  PSNR 38.87  IBBPBBPBBPBBPB  1.3s
mpeg4_q2               alley_1         5484 kbps  PSNR 44.30  IPPPPPPPPPPPPP  3.0s
mpeg4_q2               ambush_5        5573 kbps  PSNR 45.64  IPPPPPPPPPPPPP  3.0s
mpeg4_q2               ambush_7        3648 kbps  PSNR 46.36  IPPPPPPPPPPPPP  3.1s
mpeg4_q2               bandage_2       7045 kbps  PSNR 44.61  IPPPPPPPPPPPPP  3.0s
mpeg4_q4               alley_1         2431 kbps  PSNR 40.64  IPPPPPPPPPPPPP  3.0s
mpeg4_q4               ambush_5        2716 kbps  PSNR 42.20  IPPPPPPPPPPPPP  3.0s
mpeg4_q4               ambush_7        1794 kbps  PSNR 42.64  IPPPPPPPPPPPPP  3.0s
mpeg4_q4               bandage_2       3333 kbps  PSNR 40.52  IPPPPPPPPPPPPP  3.0s
mpeg4_q8               alley_1         1061 kbps  PSNR 37.05  IPPPPPPPPPPPPP  3.1s
mpeg4_q8               ambush_5        1379 kbps  PSNR 39.06  IPPPPPPPPPPPPP  3.2s
mpeg4_q8               ambush_7         864 kbps  PSNR 39.16  IPPPPPPPPPPPPP  3.3s
mpeg4_q8               bandage_2       1448 kbps  PSNR 36.61  IPPPPPPPPPPPPP  3.2s
mpeg4_q16              alley_1          544 kbps  PSNR 33.87  IPPPPPPPPPPPPP  3.1s
mpeg4_q16              ambush_5         844 kbps  PSNR 36.34  IPPPPPPPPPPPPP  2.9s
mpeg4_q16              ambush_7         506 kbps  PSNR 36.21  IPPPPPPPPPPPPP  3.0s
mpeg4_q16              bandage_2        650 kbps  PSNR 33.15  IPPPPPPPPPPPPP  3.0s
mpeg4_q31              alley_1          400 kbps  PSNR 31.41  IPPPPPPPPPPPPP  3.1s
mpeg4_q31              ambush_5         693 kbps  PSNR 34.10  IPPPPPPPPPPPPP  3.2s
mpeg4_q31              ambush_7         430 kbps  PSNR 33.69  IPPPPPPPPPPPPP  3.1s
mpeg4_q31              bandage_2        415 kbps  PSNR 30.33  IPPPPPPPPPPPPP  3.0s
x264_crf23_veryslow    alley_1         1152 kbps  PSNR 40.99  IPPPPPPPPPPPPP  3.7s
x264_crf23_veryslow    ambush_5        1527 kbps  PSNR 42.73  IPPPPPPPPPPPPP  3.8s
x264_crf23_veryslow    ambush_7        1012 kbps  PSNR 43.60  IPPPPPPPPPPPPP  3.7s
x264_crf23_veryslow    bandage_2       1631 kbps  PSNR 40.31  IPPPPPPPPPPPPP  3.6s
done in 306s, failures: 0
