2026-10-07 20:59:20 start: 50 units, workers 6, prereg 9f5b5a3, code c536bf62b2b66ea394c71ac8c8dcdc25b353e2611317ce1a60d5a7e728b1bfe0
2026-10-07 20:59:20 sintel gt cache alley_1 0.0 s
2026-10-07 20:59:23 sintel gt cache alley_2 3.1 s
2026-10-07 20:59:24 sintel gt cache ambush_2 1.3 s
2026-10-07 20:59:26 sintel gt cache ambush_4 1.9 s
2026-10-07 20:59:29 sintel gt cache ambush_5 3.0 s
2026-10-07 20:59:30 sintel gt cache ambush_6 1.2 s
2026-10-07 20:59:34 sintel gt cache ambush_7 3.9 s
2026-10-07 20:59:38 sintel gt cache bamboo_1 3.9 s
2026-10-07 20:59:42 sintel gt cache bamboo_2 3.8 s
2026-10-07 20:59:46 sintel gt cache bandage_1 3.9 s
2026-10-07 20:59:50 sintel gt cache bandage_2 4.2 s
2026-10-07 20:59:50 sintel gt cache cave_2 0.1 s
2026-10-07 20:59:53 sintel gt cache cave_4 3.4 s
2026-10-07 20:59:57 sintel gt cache market_2 3.6 s
2026-10-07 20:59:57 sintel gt cache market_5 0.1 s
2026-10-07 21:00:00 sintel gt cache market_6 3.0 s
2026-10-07 21:00:04 sintel gt cache mountain_1 3.8 s
2026-10-07 21:00:08 sintel gt cache shaman_2 3.9 s
2026-10-07 21:00:11 sintel gt cache shaman_3 3.7 s
2026-10-07 21:00:15 sintel gt cache sleeping_1 3.9 s
2026-10-07 21:00:19 sintel gt cache sleeping_2 3.4 s
2026-10-07 21:00:23 sintel gt cache temple_2 4.0 s
2026-10-07 21:00:23 sintel gt cache temple_3 0.1 s
2026-10-07 21:00:23 phase primary: configs primary
2026-10-07 21:00:28 [primary 1/50] ambush_2 17 rows 2.2 s
2026-10-07 21:00:28 [primary 2/50] ambush_6 17 rows 2.2 s
2026-10-07 21:00:29 [primary 3/50] ambush_4 17 rows 3.5 s
2026-10-07 21:00:32 [primary 4/50] ambush_5 17 rows 6.1 s
2026-10-07 21:00:33 [primary 5/50] alley_2 17 rows 7.0 s
2026-10-07 21:00:33 [primary 6/50] alley_1 17 rows 7.1 s
2026-10-07 21:00:34 [primary 7/50] ambush_7 17 rows 6.3 s
2026-10-07 21:00:35 [primary 8/50] bamboo_1 17 rows 7.4 s
2026-10-07 21:00:36 [primary 9/50] bamboo_2 17 rows 7.1 s
2026-10-07 21:00:38 [primary 10/50] cave_2 17 rows 5.7 s
2026-10-07 21:00:39 [primary 11/50] bandage_1 17 rows 6.8 s
2026-10-07 21:00:39 [primary 12/50] bandage_2 17 rows 6.9 s
2026-10-07 21:00:40 [primary 13/50] cave_4 17 rows 6.2 s
2026-10-07 21:00:42 [primary 14/50] market_5 17 rows 5.4 s
2026-10-07 21:00:42 [primary 15/50] market_2 17 rows 6.5 s
2026-10-07 21:00:43 [primary 16/50] market_6 17 rows 5.2 s
2026-10-07 21:00:45 [primary 17/50] mountain_1 17 rows 6.4 s
2026-10-07 21:00:46 [primary 18/50] shaman_2 17 rows 6.8 s
2026-10-07 21:00:47 [primary 19/50] shaman_3 17 rows 6.7 s
2026-10-07 21:00:48 [primary 20/50] sleeping_1 17 rows 6.9 s
2026-10-07 21:00:49 [primary 21/50] sleeping_2 17 rows 7.0 s
2026-10-07 21:00:50 [primary 22/50] temple_2 17 rows 6.9 s
2026-10-07 21:00:51 [primary 23/50] temple_3 17 rows 5.8 s
2026-10-07 21:00:57 [primary 24/50] VIRAT_S_000206_07_001501_001600 9 rows 10.4 s
2026-10-07 21:00:57 [primary 25/50] VIRAT_S_000206_08_001618_001712 9 rows 10.4 s
2026-10-07 21:00:59 [primary 26/50] VIRAT_S_000207_00_000000_000045 9 rows 10.3 s
2026-10-07 21:00:59 [primary 27/50] VIRAT_S_000207_01_000094_000156 9 rows 10.4 s
2026-10-07 21:01:01 [primary 28/50] VIRAT_S_000207_03_000556_000590 9 rows 10.2 s
2026-10-07 21:01:01 [primary 29/50] VIRAT_S_000207_04_000902_000934 9 rows 10.2 s
2026-10-07 21:01:06 [primary 30/50] VIRAT_S_000207_05_001125_001193 9 rows 9.8 s
2026-10-07 21:01:07 [primary 31/50] VIRAT_S_010000_00_000000_000165 9 rows 9.8 s
2026-10-07 21:01:08 [primary 32/50] VIRAT_S_010000_01_000184_000324 9 rows 9.6 s
2026-10-07 21:01:09 [primary 33/50] VIRAT_S_010000_06_000728_000762 9 rows 9.7 s
2026-10-07 21:01:10 [primary 34/50] VIRAT_S_010000_07_000827_000860 9 rows 9.7 s
2026-10-07 21:01:11 [primary 35/50] VIRAT_S_010002_02_000174_000204 9 rows 9.7 s
2026-10-07 21:01:15 [primary 36/50] VIRAT_S_010003_01_000111_000137 9 rows 7.5 s
2026-10-07 21:01:16 [primary 37/50] VIRAT_S_010003_00_000000_000108 9 rows 9.8 s
2026-10-07 21:01:18 [primary 38/50] VIRAT_S_010003_02_000165_000202 9 rows 9.7 s
2026-10-07 21:01:18 [primary 39/50] VIRAT_S_010003_05_000499_000523 9 rows 7.9 s
2026-10-07 21:01:19 [primary 40/50] VIRAT_S_010003_03_000219_000259 9 rows 9.6 s
2026-10-07 21:01:20 [primary 41/50] VIRAT_S_010003_06_000526_000560 9 rows 9.7 s
2026-10-07 21:01:21 [primary 42/50] VIRAT_S_010003_07_000608_000636 9 rows 6.2 s
2026-10-07 21:01:26 [primary 43/50] VIRAT_S_010003_10_000901_000934 9 rows 9.9 s
2026-10-07 21:01:28 [primary 44/50] VIRAT_S_010003_13_001066_001124 9 rows 9.9 s
2026-10-07 21:01:28 [primary 45/50] VIRAT_S_010004_03_000239_000277 9 rows 9.9 s
2026-10-07 21:01:28 [primary 46/50] VIRAT_S_010004_07_000729_000809 9 rows 9.8 s
2026-10-07 21:01:29 [primary 47/50] VIRAT_S_010005_00_000048_000075 9 rows 8.1 s
2026-10-07 21:01:30 [primary 48/50] VIRAT_S_010004_08_000811_000920 9 rows 9.8 s
2026-10-07 21:01:33 [primary 49/50] VIRAT_S_010005_04_000299_000323 9 rows 5.6 s
2026-10-07 21:01:35 [primary 50/50] VIRAT_S_010005_02_000177_000203 9 rows 8.8 s
2026-10-07 21:01:35 phase primary done: 72.1 s
2026-10-07 21:01:35 phase tau1: configs tau1
2026-10-07 21:01:40 [tau1 1/50] ambush_2 17 rows 2.3 s
2026-10-07 21:01:40 [tau1 2/50] ambush_6 17 rows 2.3 s
2026-10-07 21:01:41 [tau1 3/50] ambush_4 17 rows 3.6 s
2026-10-07 21:01:44 [tau1 4/50] ambush_5 17 rows 6.1 s
2026-10-07 21:01:45 [tau1 5/50] alley_2 17 rows 7.1 s
2026-10-07 21:01:45 [tau1 6/50] alley_1 17 rows 7.1 s
2026-10-07 21:01:46 [tau1 7/50] ambush_7 17 rows 6.4 s
2026-10-07 21:01:48 [tau1 8/50] bamboo_1 17 rows 7.5 s
2026-10-07 21:01:48 [tau1 9/50] bamboo_2 17 rows 7.1 s
2026-10-07 21:01:51 [tau1 10/50] cave_2 17 rows 5.8 s
2026-10-07 21:01:51 [tau1 11/50] bandage_1 17 rows 7.0 s
2026-10-07 21:01:52 [tau1 12/50] bandage_2 17 rows 7.1 s
2026-10-07 21:01:53 [tau1 13/50] cave_4 17 rows 6.4 s
2026-10-07 21:01:54 [tau1 14/50] market_5 17 rows 5.5 s
2026-10-07 21:01:54 [tau1 15/50] market_2 17 rows 6.7 s
2026-10-07 21:01:56 [tau1 16/50] market_6 17 rows 5.3 s
2026-10-07 21:01:57 [tau1 17/50] mountain_1 17 rows 6.5 s
2026-10-07 21:01:59 [tau1 18/50] shaman_2 17 rows 6.8 s
2026-10-07 21:01:59 [tau1 19/50] shaman_3 17 rows 6.6 s
2026-10-07 21:02:01 [tau1 20/50] sleeping_1 17 rows 6.8 s
2026-10-07 21:02:01 [tau1 21/50] sleeping_2 17 rows 6.9 s
2026-10-07 21:02:03 [tau1 22/50] temple_2 17 rows 6.9 s
2026-10-07 21:02:03 [tau1 23/50] temple_3 17 rows 5.6 s
2026-10-07 21:02:08 [tau1 24/50] VIRAT_S_000206_07_001501_001600 9 rows 9.6 s
2026-10-07 21:02:09 [tau1 25/50] VIRAT_S_000206_08_001618_001712 9 rows 9.5 s
2026-10-07 21:02:10 [tau1 26/50] VIRAT_S_000207_00_000000_000045 9 rows 9.6 s
2026-10-07 21:02:11 [tau1 27/50] VIRAT_S_000207_01_000094_000156 9 rows 9.6 s
2026-10-07 21:02:12 [tau1 28/50] VIRAT_S_000207_03_000556_000590 9 rows 9.7 s
2026-10-07 21:02:13 [tau1 29/50] VIRAT_S_000207_04_000902_000934 9 rows 9.7 s
2026-10-07 21:02:18 [tau1 30/50] VIRAT_S_000207_05_001125_001193 9 rows 9.6 s
2026-10-07 21:02:18 [tau1 31/50] VIRAT_S_010000_00_000000_000165 9 rows 9.5 s
2026-10-07 21:02:20 [tau1 32/50] VIRAT_S_010000_01_000184_000324 9 rows 9.7 s
2026-10-07 21:02:20 [tau1 33/50] VIRAT_S_010000_06_000728_000762 9 rows 9.6 s
2026-10-07 21:02:22 [tau1 34/50] VIRAT_S_010000_07_000827_000860 9 rows 9.6 s
2026-10-07 21:02:22 [tau1 35/50] VIRAT_S_010002_02_000174_000204 9 rows 9.6 s
2026-10-07 21:02:26 [tau1 36/50] VIRAT_S_010003_01_000111_000137 9 rows 7.4 s
2026-10-07 21:02:27 [tau1 37/50] VIRAT_S_010003_00_000000_000108 9 rows 9.5 s
2026-10-07 21:02:30 [tau1 38/50] VIRAT_S_010003_05_000499_000523 9 rows 7.6 s
2026-10-07 21:02:30 [tau1 39/50] VIRAT_S_010003_02_000165_000202 9 rows 9.6 s
2026-10-07 21:02:30 [tau1 40/50] VIRAT_S_010003_03_000219_000259 9 rows 9.5 s
2026-10-07 21:02:32 [tau1 41/50] VIRAT_S_010003_06_000526_000560 9 rows 9.7 s
2026-10-07 21:02:32 [tau1 42/50] VIRAT_S_010003_07_000608_000636 9 rows 6.2 s
2026-10-07 21:02:37 [tau1 43/50] VIRAT_S_010003_10_000901_000934 9 rows 9.8 s
2026-10-07 21:02:39 [tau1 44/50] VIRAT_S_010004_03_000239_000277 9 rows 9.8 s
2026-10-07 21:02:40 [tau1 45/50] VIRAT_S_010003_13_001066_001124 9 rows 10.0 s
2026-10-07 21:02:40 [tau1 46/50] VIRAT_S_010004_07_000729_000809 9 rows 9.8 s
2026-10-07 21:02:40 [tau1 47/50] VIRAT_S_010005_00_000048_000075 9 rows 8.3 s
2026-10-07 21:02:42 [tau1 48/50] VIRAT_S_010004_08_000811_000920 9 rows 9.6 s
2026-10-07 21:02:45 [tau1 49/50] VIRAT_S_010005_04_000299_000323 9 rows 5.6 s
2026-10-07 21:02:46 [tau1 50/50] VIRAT_S_010005_02_000177_000203 9 rows 8.7 s
2026-10-07 21:02:46 phase tau1 done: 70.9 s
2026-10-07 21:02:46 phase descriptive: configs tau0.25, sq16, sq32, sq64, 2fps_a, 2fps_b
2026-10-07 21:02:52 [descriptive 1/50] ambush_2 68 rows 3.2 s
2026-10-07 21:02:52 [descriptive 2/50] ambush_6 68 rows 3.2 s
2026-10-07 21:02:53 [descriptive 3/50] ambush_4 68 rows 5.0 s
2026-10-07 21:02:57 [descriptive 4/50] ambush_5 68 rows 8.3 s
2026-10-07 21:02:58 [descriptive 5/50] alley_2 68 rows 9.1 s
2026-10-07 21:02:58 [descriptive 6/50] alley_1 68 rows 9.3 s
2026-10-07 21:03:00 [descriptive 7/50] ambush_7 68 rows 8.7 s
2026-10-07 21:03:01 [descriptive 8/50] bamboo_1 68 rows 9.6 s
2026-10-07 21:03:03 [descriptive 9/50] bamboo_2 68 rows 9.4 s
2026-10-07 21:03:06 [descriptive 10/50] cave_2 68 rows 8.1 s
2026-10-07 21:03:06 [descriptive 11/50] bandage_1 68 rows 9.3 s
2026-10-07 21:03:07 [descriptive 12/50] bandage_2 68 rows 9.4 s
2026-10-07 21:03:09 [descriptive 13/50] cave_4 68 rows 8.7 s
2026-10-07 21:03:10 [descriptive 14/50] market_2 68 rows 9.2 s
2026-10-07 21:03:11 [descriptive 15/50] market_5 68 rows 8.0 s
2026-10-07 21:03:13 [descriptive 16/50] market_6 68 rows 7.2 s
2026-10-07 21:03:15 [descriptive 17/50] mountain_1 68 rows 8.9 s
2026-10-07 21:03:16 [descriptive 18/50] shaman_2 68 rows 9.3 s
2026-10-07 21:03:18 [descriptive 19/50] shaman_3 68 rows 9.2 s
2026-10-07 21:03:20 [descriptive 20/50] sleeping_1 68 rows 9.3 s
2026-10-07 21:03:20 [descriptive 21/50] sleeping_2 68 rows 9.6 s
2026-10-07 21:03:22 [descriptive 22/50] temple_2 68 rows 9.4 s
2026-10-07 21:03:23 [descriptive 23/50] temple_3 68 rows 8.1 s
2026-10-07 21:03:46 [descriptive 24/50] VIRAT_S_000206_07_001501_001600 54 rows 30.0 s
2026-10-07 21:03:48 [descriptive 25/50] VIRAT_S_000206_08_001618_001712 54 rows 30.1 s
2026-10-07 21:03:50 [descriptive 26/50] VIRAT_S_000207_00_000000_000045 54 rows 30.4 s
2026-10-07 21:03:51 [descriptive 27/50] VIRAT_S_000207_01_000094_000156 54 rows 30.2 s
2026-10-07 21:03:53 [descriptive 28/50] VIRAT_S_000207_03_000556_000590 54 rows 30.5 s
2026-10-07 21:03:53 [descriptive 29/50] VIRAT_S_000207_04_000902_000934 54 rows 30.4 s
2026-10-07 21:04:17 [descriptive 30/50] VIRAT_S_000207_05_001125_001193 54 rows 30.6 s
2026-10-07 21:04:19 [descriptive 31/50] VIRAT_S_010000_00_000000_000165 54 rows 30.9 s
2026-10-07 21:04:21 [descriptive 32/50] VIRAT_S_010000_01_000184_000324 54 rows 30.8 s
2026-10-07 21:04:21 [descriptive 33/50] VIRAT_S_010000_06_000728_000762 54 rows 30.9 s
2026-10-07 21:04:24 [descriptive 34/50] VIRAT_S_010000_07_000827_000860 54 rows 30.7 s
2026-10-07 21:04:24 [descriptive 35/50] VIRAT_S_010002_02_000174_000204 54 rows 30.8 s
2026-10-07 21:04:43 [descriptive 36/50] VIRAT_S_010003_01_000111_000137 54 rows 24.2 s
2026-10-07 21:04:47 [descriptive 37/50] VIRAT_S_010003_00_000000_000108 54 rows 30.7 s
2026-10-07 21:04:48 [descriptive 38/50] VIRAT_S_010003_05_000499_000523 54 rows 24.5 s
2026-10-07 21:04:52 [descriptive 39/50] VIRAT_S_010003_02_000165_000202 54 rows 30.8 s
2026-10-07 21:04:52 [descriptive 40/50] VIRAT_S_010003_03_000219_000259 54 rows 30.7 s
2026-10-07 21:04:55 [descriptive 41/50] VIRAT_S_010003_06_000526_000560 54 rows 30.7 s
2026-10-07 21:05:03 [descriptive 42/50] VIRAT_S_010003_07_000608_000636 54 rows 19.7 s
2026-10-07 21:05:18 [descriptive 43/50] VIRAT_S_010003_10_000901_000934 54 rows 30.6 s
2026-10-07 21:05:19 [descriptive 44/50] VIRAT_S_010003_13_001066_001124 54 rows 30.6 s
2026-10-07 21:05:23 [descriptive 45/50] VIRAT_S_010004_03_000239_000277 54 rows 30.8 s
2026-10-07 21:05:23 [descriptive 46/50] VIRAT_S_010004_07_000729_000809 54 rows 30.9 s
2026-10-07 21:05:25 [descriptive 47/50] VIRAT_S_010004_08_000811_000920 54 rows 30.6 s
2026-10-07 21:05:28 [descriptive 48/50] VIRAT_S_010005_00_000048_000075 54 rows 24.8 s
2026-10-07 21:05:36 [descriptive 49/50] VIRAT_S_010005_04_000299_000323 54 rows 17.2 s
2026-10-07 21:05:43 [descriptive 50/50] VIRAT_S_010005_02_000177_000203 54 rows 24.8 s
2026-10-07 21:05:43 phase descriptive done: 177.1 s
2026-10-07 21:05:43 done: 4290 rows -> per_unit.csv; errors 0; runtime 383.4 s
