[1/200] Abuse001_x264.mp4 ok h264 I=3 B=0 x264=found
[2/200] Abuse002_x264.mp4 ok h264 I=3 B=0 x264=found
[3/200] Abuse003_x264.mp4 ok h264 I=3 B=0 x264=found
[4/200] Abuse004_x264.mp4 ok h264 I=3 B=0 x264=found
[5/200] Abuse005_x264.mp4 ok h264 I=3 B=0 x264=found
[6/200] Abuse006_x264.mp4 ok h264 I=3 B=0 x264=found
[7/200] Abuse007_x264.mp4 ok h264 I=3 B=0 x264=found
[8/200] Abuse008_x264.mp4 ok h264 I=3 B=0 x264=found
[9/200] Abuse009_x264.mp4 ok h264 I=5 B=0 x264=found
[10/200] Abuse010_x264.mp4 ok h264 I=3 B=0 x264=found
[11/200] Abuse011_x264.mp4 ok h264 I=5 B=0 x264=found
[12/200] Abuse012_x264.mp4 ok h264 I=3 B=0 x264=found
[13/200] Abuse013_x264.mp4 ok h264 I=3 B=0 x264=found
[14/200] Abuse014_x264.mp4 ok h264 I=3 B=0 x264=found
[15/200] Abuse015_x264.mp4 ok h264 I=4 B=0 x264=found
[16/200] Abuse016_x264.mp4 ok h264 I=3 B=0 x264=found
[17/200] Abuse017_x264.mp4 ok h264 I=3 B=0 x264=found
[18/200] Abuse018_x264.mp4 ok h264 I=3 B=0 x264=found
[19/200] Abuse019_x264.mp4 ok h264 I=3 B=0 x264=found
[20/200] Abuse020_x264.mp4 ok h264 I=3 B=0 x264=found
[21/200] Abuse021_x264.mp4 ok h264 I=3 B=0 x264=found
[22/200] Abuse022_x264.mp4 ok h264 I=3 B=0 x264=found
[23/200] Abuse023_x264.mp4 ok h264 I=3 B=0 x264=found
[24/200] Abuse024_x264.mp4 ok h264 I=3 B=0 x264=found
[25/200] Abuse025_x264.mp4 ok h264 I=3 B=0 x264=found
[26/200] Abuse026_x264.mp4 ok h264 I=3 B=0 x264=found
[27/200] Abuse027_x264.mp4 ok h264 I=3 B=0 x264=found
[28/200] Abuse028_x264.mp4 ok h264 I=3 B=0 x264=found
[29/200] Abuse029_x264.mp4 ok h264 I=2 B=0 x264=found
[30/200] Abuse030_x264.mp4 ok h264 I=3 B=0 x264=found
[31/200] Abuse031_x264.mp4 ok h264 I=4 B=0 x264=found
[32/200] Abuse032_x264.mp4 ok h264 I=4 B=0 x264=found
[33/200] Abuse033_x264.mp4 ok h264 I=3 B=0 x264=found
[34/200] Abuse034_x264.mp4 ok h264 I=3 B=0 x264=found
[35/200] Abuse035_x264.mp4 ok h264 I=3 B=0 x264=found
[36/200] Abuse036_x264.mp4 ok h264 I=5 B=0 x264=found
[37/200] Abuse037_x264.mp4 ok h264 I=4 B=0 x264=found
[38/200] Abuse038_x264.mp4 ok h264 I=3 B=0 x264=found
[39/200] Abuse039_x264.mp4 ok h264 I=4 B=0 x264=found
[40/200] Abuse040_x264.mp4 ok h264 I=5 B=0 x264=found
[41/200] Abuse041_x264.mp4 ok h264 I=4 B=0 x264=found
[42/200] Abuse042_x264.mp4 ok h264 I=3 B=0 x264=found
[43/200] Abuse043_x264.mp4 ok h264 I=3 B=0 x264=found
[44/200] Abuse044_x264.mp4 ok h264 I=3 B=0 x264=found
[45/200] Abuse045_x264.mp4 ok h264 I=3 B=0 x264=found
[46/200] Abuse046_x264.mp4 ok h264 I=5 B=0 x264=found
[47/200] Abuse047_x264.mp4 ok h264 I=3 B=0 x264=found
[48/200] Abuse048_x264.mp4 ok h264 I=3 B=0 x264=found
[49/200] Abuse049_x264.mp4 ok h264 I=4 B=0 x264=found
[50/200] Abuse050_x264.mp4 ok h264 I=3 B=0 x264=found
[51/200] Arrest001_x264.mp4 ok h264 I=3 B=0 x264=found
[52/200] Arrest002_x264.mp4 ok h264 I=4 B=0 x264=found
[53/200] Arrest003_x264.mp4 ok h264 I=3 B=0 x264=found
[54/200] Arrest004_x264.mp4 ok h264 I=3 B=0 x264=found
[55/200] Arrest005_x264.mp4 ok h264 I=3 B=0 x264=found
[56/200] Arrest006_x264.mp4 ok h264 I=3 B=0 x264=found
[57/200] Arrest007_x264.mp4 ok h264 I=5 B=0 x264=found
[58/200] Arrest008_x264.mp4 ok h264 I=3 B=0 x264=found
[59/200] Arrest009_x264.mp4 ok h264 I=4 B=0 x264=found
[60/200] Arrest010_x264.mp4 ok h264 I=4 B=0 x264=found
[61/200] Arrest011_x264.mp4 ok h264 I=3 B=0 x264=found
[62/200] Arrest012_x264.mp4 ok h264 I=3 B=0 x264=found
[63/200] Arrest013_x264.mp4 ok h264 I=3 B=0 x264=found
[64/200] Arrest014_x264.mp4 ok h264 I=3 B=0 x264=found
[65/200] Arrest015_x264.mp4 ok h264 I=3 B=0 x264=found
[66/200] Arrest016_x264.mp4 ok h264 I=3 B=0 x264=found
[67/200] Arrest017_x264.mp4 ok h264 I=3 B=0 x264=found
[68/200] Arrest018_x264.mp4 ok h264 I=3 B=0 x264=found
[69/200] Arrest019_x264.mp4 ok h264 I=10 B=0 x264=found
[70/200] Arrest020_x264.mp4 ok h264 I=6 B=0 x264=found
[71/200] Arrest021_x264.mp4 ok h264 I=3 B=0 x264=found
[72/200] Arrest022_x264.mp4 ok h264 I=3 B=0 x264=found
[73/200] Arrest023_x264.mp4 ok h264 I=3 B=0 x264=found
[74/200] Arrest024_x264.mp4 ok h264 I=3 B=0 x264=found
[75/200] Arrest025_x264.mp4 ok h264 I=4 B=0 x264=found
[76/200] Arrest026_x264.mp4 ok h264 I=3 B=0 x264=found
[77/200] Arrest027_x264.mp4 ok h264 I=3 B=0 x264=found
[78/200] Arrest028_x264.mp4 ok h264 I=4 B=0 x264=found
[79/200] Arrest029_x264.mp4 ok h264 I=4 B=0 x264=found
[80/200] Arrest030_x264.mp4 ok h264 I=3 B=0 x264=found
[81/200] Arrest031_x264.mp4 ok h264 I=3 B=0 x264=found
[82/200] Arrest032_x264.mp4 ok h264 I=3 B=0 x264=found
[83/200] Arrest033_x264.mp4 ok h264 I=3 B=0 x264=found
[84/200] Arrest034_x264.mp4 ok h264 I=3 B=0 x264=found
[85/200] Arrest035_x264.mp4 ok h264 I=3 B=0 x264=found
[86/200] Arrest036_x264.mp4 ok h264 I=3 B=0 x264=found
[87/200] Arrest037_x264.mp4 ok h264 I=3 B=0 x264=found
[88/200] Arrest038_x264.mp4 ok h264 I=3 B=0 x264=found
[89/200] Arrest039_x264.mp4 ok h264 I=3 B=0 x264=found
[90/200] Arrest040_x264.mp4 ok h264 I=3 B=0 x264=found
[91/200] Arrest041_x264.mp4 ok h264 I=3 B=0 x264=found
[92/200] Arrest042_x264.mp4 ok h264 I=3 B=0 x264=found
[93/200] Arrest043_x264.mp4 ok h264 I=3 B=0 x264=found
[94/200] Arrest044_x264.mp4 ok h264 I=4 B=0 x264=found
[95/200] Arrest046_x264.mp4 ok h264 I=3 B=0 x264=found
[96/200] Arrest047_x264.mp4 ok h264 I=3 B=0 x264=found
[97/200] Arrest048_x264.mp4 ok h264 I=3 B=0 x264=found
[98/200] Arrest049_x264.mp4 ok h264 I=4 B=0 x264=found
[99/200] Arrest050_x264.mp4 ok mjpeg I=600 B=0 x264=no_x264_sei
[100/200] Arrest051_x264.mp4 ok h264 I=3 B=0 x264=found
[101/200] Arson001_x264.mp4 ok h264 I=4 B=0 x264=found
[102/200] Arson002_x264.mp4 ok h264 I=3 B=0 x264=found
[103/200] Arson003_x264.mp4 ok h264 I=3 B=0 x264=found
[104/200] Arson005_x264.mp4 ok h264 I=3 B=0 x264=found
[105/200] Arson006_x264.mp4 ok h264 I=4 B=0 x264=found
[106/200] Arson007_x264.mp4 ok h264 I=3 B=0 x264=found
[107/200] Arson008_x264.mp4 ok h264 I=6 B=0 x264=found
[108/200] Arson009_x264.mp4 ok h264 I=6 B=0 x264=found
[109/200] Arson010_x264.mp4 ok h264 I=8 B=0 x264=found
[110/200] Arson011_x264.mp4 ok h264 I=8 B=0 x264=found
[111/200] Arson012_x264.mp4 ok h264 I=4 B=0 x264=found
[112/200] Arson013_x264.mp4 ok h264 I=3 B=0 x264=found
[113/200] Arson014_x264.mp4 ok h264 I=3 B=0 x264=found
[114/200] Arson015_x264.mp4 ok h264 I=4 B=0 x264=found
[115/200] Arson016_x264.mp4 ok h264 I=3 B=0 x264=found
[116/200] Arson017_x264.mp4 ok h264 I=3 B=0 x264=found
[117/200] Arson018_x264.mp4 ok h264 I=3 B=0 x264=found
[118/200] Arson019_x264.mp4 ok h264 I=3 B=0 x264=found
[119/200] Arson020_x264.mp4 ok h264 I=3 B=0 x264=found
[120/200] Arson021_x264.mp4 ok h264 I=3 B=0 x264=found
[121/200] Arson022_x264.mp4 ok h264 I=3 B=0 x264=found
[122/200] Arson023_x264.mp4 ok h264 I=4 B=0 x264=found
[123/200] Arson024_x264.mp4 ok h264 I=3 B=0 x264=found
[124/200] Arson025_x264.mp4 ok h264 I=3 B=0 x264=found
[125/200] Arson026_x264.mp4 ok h264 I=3 B=0 x264=found
[126/200] Arson027_x264.mp4 ok h264 I=3 B=0 x264=found
[127/200] Arson028_x264.mp4 ok h264 I=5 B=0 x264=found
[128/200] Arson029_x264.mp4 ok h264 I=3 B=0 x264=found
[129/200] Arson030_x264.mp4 ok h264 I=3 B=0 x264=found
[130/200] Arson031_x264.mp4 ok h264 I=3 B=0 x264=found
[131/200] Arson032_x264.mp4 ok h264 I=3 B=0 x264=found
[132/200] Arson034_x264.mp4 ok h264 I=4 B=0 x264=found
[133/200] Arson035_x264.mp4 ok h264 I=3 B=0 x264=found
[134/200] Arson036_x264.mp4 ok h264 I=3 B=0 x264=found
[135/200] Arson037_x264.mp4 ok h264 I=5 B=0 x264=found
[136/200] Arson038_x264.mp4 ok h264 I=4 B=0 x264=found
[137/200] Arson039_x264.mp4 ok h264 I=4 B=0 x264=found
[138/200] Arson040_x264.mp4 ok h264 I=4 B=0 x264=found
[139/200] Arson041_x264.mp4 ok h264 I=3 B=0 x264=found
[140/200] Arson042_x264.mp4 ok h264 I=3 B=0 x264=found
[141/200] Arson044_x264.mp4 ok h264 I=3 B=0 x264=found
[142/200] Arson045_x264.mp4 ok h264 I=3 B=0 x264=found
[143/200] Arson046_x264.mp4 ok h264 I=3 B=0 x264=found
[144/200] Arson047_x264.mp4 ok h264 I=4 B=0 x264=found
[145/200] Arson048_x264.mp4 ok h264 I=11 B=0 x264=found
[146/200] Arson049_x264.mp4 ok h264 I=2 B=0 x264=found
[147/200] Arson050_x264.mp4 ok h264 I=3 B=0 x264=found
[148/200] Arson051_x264.mp4 ok h264 I=6 B=0 x264=found
[149/200] Arson052_x264.mp4 ok h264 I=3 B=0 x264=found
[150/200] Arson053_x264.mp4 ok h264 I=4 B=0 x264=found
[151/200] Assault001_x264.mp4 ok h264 I=4 B=0 x264=found
[152/200] Assault002_x264.mp4 ok h264 I=3 B=0 x264=found
[153/200] Assault003_x264.mp4 ok h264 I=3 B=0 x264=found
[154/200] Assault004_x264.mp4 ok h264 I=3 B=0 x264=found
[155/200] Assault005_x264.mp4 ok h264 I=3 B=0 x264=found
[156/200] Assault006_x264.mp4 ok h264 I=5 B=0 x264=found
[157/200] Assault007_x264.mp4 ok h264 I=3 B=0 x264=found
[158/200] Assault008_x264.mp4 ok h264 I=3 B=0 x264=found
[159/200] Assault009_x264.mp4 ok h264 I=3 B=0 x264=found
[160/200] Assault010_x264.mp4 ok h264 I=3 B=0 x264=found
[161/200] Assault011_x264.mp4 ok h264 I=3 B=0 x264=found
[162/200] Assault012_x264.mp4 ok h264 I=3 B=0 x264=found
[163/200] Assault013_x264.mp4 ok h264 I=3 B=0 x264=found
[164/200] Assault014_x264.mp4 ok h264 I=3 B=0 x264=found
[165/200] Assault015_x264.mp4 ok h264 I=3 B=0 x264=found
[166/200] Assault016_x264.mp4 ok h264 I=3 B=0 x264=found
[167/200] Assault017_x264.mp4 ok mjpeg I=600 B=0 x264=no_x264_sei
[168/200] Assault018_x264.mp4 ok h264 I=2 B=0 x264=found
[169/200] Assault019_x264.mp4 ok h264 I=3 B=0 x264=found
[170/200] Assault020_x264.mp4 ok h264 I=2 B=0 x264=found
[171/200] Assault022_x264.mp4 ok h264 I=3 B=0 x264=found
[172/200] Assault023_x264.mp4 ok h264 I=6 B=0 x264=found
[173/200] Assault024_x264.mp4 ok h264 I=2 B=0 x264=found
[174/200] Assault025_x264.mp4 ok h264 I=3 B=0 x264=found
[175/200] Assault026_x264.mp4 ok h264 I=3 B=0 x264=found
[176/200] Assault027_x264.mp4 ok h264 I=3 B=0 x264=found
[177/200] Assault028_x264.mp4 ok h264 I=3 B=0 x264=found
[178/200] Assault029_x264.mp4 ok h264 I=3 B=0 x264=found
[179/200] Assault030_x264.mp4 ok h264 I=3 B=0 x264=found
[180/200] Assault031_x264.mp4 ok h264 I=6 B=0 x264=found
[181/200] Assault032_x264.mp4 ok h264 I=3 B=0 x264=found
[182/200] Assault033_x264.mp4 ok h264 I=3 B=0 x264=found
[183/200] Assault034_x264.mp4 ok h264 I=3 B=0 x264=found
[184/200] Assault035_x264.mp4 ok h264 I=3 B=0 x264=found
[185/200] Assault036_x264.mp4 ok h264 I=3 B=0 x264=found
[186/200] Assault037_x264.mp4 ok h264 I=3 B=0 x264=found
[187/200] Assault038_x264.mp4 ok h264 I=1 B=0 x264=found
[188/200] Assault039_x264.mp4 ok h264 I=3 B=0 x264=found
[189/200] Assault040_x264.mp4 ok h264 I=3 B=0 x264=found
[190/200] Assault041_x264.mp4 ok h264 I=3 B=0 x264=found
[191/200] Assault042_x264.mp4 ok h264 I=3 B=0 x264=found
[192/200] Assault044_x264.mp4 ok h264 I=3 B=0 x264=found
[193/200] Assault045_x264.mp4 ok h264 I=3 B=0 x264=found
[194/200] Assault046_x264.mp4 ok h264 I=3 B=0 x264=found
[195/200] Assault047_x264.mp4 ok h264 I=4 B=0 x264=found
[196/200] Assault048_x264.mp4 ok h264 I=3 B=0 x264=found
[197/200] Assault049_x264.mp4 ok h264 I=3 B=0 x264=found
[198/200] Assault050_x264.mp4 ok h264 I=3 B=0 x264=found
[199/200] Assault051_x264.mp4 ok h264 I=3 B=0 x264=found
[200/200] Assault052_x264.mp4 ok h264 I=3 B=0 x264=found
