loading ['alley_1', 'ambush_5', 'ambush_7', 'bandage_2']
loaded in 11s
x264_crf12             alley_1        5683 kbps PSNR 48.18 slices 1-1 thr 1/0 QP I/P/B 13.3/13.8/nan IPPPPPPPPPPP 4.6s
x264_crf12             ambush_5       6594 kbps PSNR 49.59 slices 1-1 thr 1/0 QP I/P/B 13.0/13.4/nan IPPPPPPPPPPP 5.1s
x264_crf12             ambush_7       4628 kbps PSNR 50.42 slices 1-1 thr 1/0 QP I/P/B 11.7/12.2/nan IPPPPPPPPPPP 7.6s
x264_crf12             bandage_2      6906 kbps PSNR 48.46 slices 1-1 thr 1/0 QP I/P/B 11.5/13.1/nan IPPPPPPPPPPP 7.7s
x264_crf18             alley_1        2397 kbps PSNR 44.35 slices 1-1 thr 1/0 QP I/P/B 19.3/19.8/nan IPPPPPPPPPPP 7.3s
x264_crf18             ambush_5       2979 kbps PSNR 45.92 slices 1-1 thr 1/0 QP I/P/B 19.0/19.5/nan IPPPPPPPPPPP 7.6s
x264_crf18             ambush_7       2051 kbps PSNR 46.84 slices 1-1 thr 1/0 QP I/P/B 17.7/18.2/nan IPPPPPPPPPPP 6.8s
x264_crf18             bandage_2      3269 kbps PSNR 43.98 slices 1-1 thr 1/0 QP I/P/B 17.5/19.4/nan IPPPPPPPPPPP 6.9s
x264_crf23             alley_1        1183 kbps PSNR 41.14 slices 1-1 thr 1/0 QP I/P/B 24.3/24.8/nan IPPPPPPPPPPP 6.8s
x264_crf23             ambush_5       1524 kbps PSNR 42.94 slices 1-1 thr 1/0 QP I/P/B 24.1/24.5/nan IPPPPPPPPPPP 6.6s
x264_crf23             ambush_7       1049 kbps PSNR 43.88 slices 1-1 thr 1/0 QP I/P/B 22.6/23.2/nan IPPPPPPPPPPP 6.3s
x264_crf23             bandage_2      1688 kbps PSNR 40.40 slices 1-1 thr 1/0 QP I/P/B 22.5/24.9/nan IPPPPPPPPPPP 6.2s
x264_crf28             alley_1         617 kbps PSNR 37.92 slices 1-1 thr 1/0 QP I/P/B 29.3/30.0/nan IPPPPPPPPPPP 5.8s
x264_crf28             ambush_5        828 kbps PSNR 40.12 slices 1-1 thr 1/0 QP I/P/B 29.1/29.8/nan IPPPPPPPPPPP 3.6s
x264_crf28             ambush_7        539 kbps PSNR 40.90 slices 1-1 thr 1/0 QP I/P/B 27.6/28.5/nan IPPPPPPPPPPP 3.4s
x264_crf28             bandage_2       869 kbps PSNR 36.97 slices 1-1 thr 1/0 QP I/P/B 27.5/30.7/nan IPPPPPPPPPPP 3.4s
x264_crf33             alley_1         338 kbps PSNR 34.89 slices 1-1 thr 1/0 QP I/P/B 34.3/35.4/nan IPPPPPPPPPPP 3.3s
x264_crf33             ambush_5        484 kbps PSNR 37.45 slices 1-1 thr 1/0 QP I/P/B 33.9/34.9/nan IPPPPPPPPPPP 3.4s
x264_crf33             ambush_7        295 kbps PSNR 37.98 slices 1-1 thr 1/0 QP I/P/B 32.5/33.8/nan IPPPPPPPPPPP 3.3s
x264_crf33             bandage_2       461 kbps PSNR 33.81 slices 1-1 thr 1/0 QP I/P/B 32.5/36.3/nan IPPPPPPPPPPP 3.3s
x264_crf38             alley_1         192 kbps PSNR 32.11 slices 1-1 thr 1/0 QP I/P/B 39.4/40.9/nan IPPPPPPPPPPP 3.2s
x264_crf38             ambush_5        293 kbps PSNR 34.83 slices 1-1 thr 1/0 QP I/P/B 38.9/39.9/nan IPPPPPPPPPPP 3.2s
x264_crf38             ambush_7        177 kbps PSNR 35.15 slices 1-1 thr 1/0 QP I/P/B 37.5/38.6/nan IPPPPPPPPPPP 3.2s
x264_crf38             bandage_2       264 kbps PSNR 30.94 slices 1-1 thr 1/0 QP I/P/B 37.6/41.5/nan IPPPPPPPPPPP 3.2s
x264_crf45             alley_1         101 kbps PSNR 28.44 slices 1-1 thr 1/0 QP I/P/B 46.5/47.8/nan IPPPPPPPPPPP 3.1s
x264_crf45             ambush_5        154 kbps PSNR 31.02 slices 1-1 thr 1/0 QP I/P/B 45.6/46.4/nan IPPPPPPPPPPP 3.2s
x264_crf45             ambush_7         91 kbps PSNR 30.76 slices 1-1 thr 1/0 QP I/P/B 44.2/45.6/nan IPPPPPPPPPPP 3.1s
x264_crf45             bandage_2       134 kbps PSNR 27.46 slices 1-1 thr 1/0 QP I/P/B 44.4/48.2/nan IPPPPPPPPPPP 3.1s
x264_crf23_ref2        alley_1        1156 kbps PSNR 41.30 slices 1-1 thr 1/0 QP I/P/B 24.3/24.8/nan IPPPPPPPPPPP 1.5s
x264_crf23_ref2        ambush_5       1498 kbps PSNR 42.98 slices 1-1 thr 1/0 QP I/P/B 24.1/24.5/nan IPPPPPPPPPPP 1.8s
x264_crf23_ref2        ambush_7       1023 kbps PSNR 43.95 slices 1-1 thr 1/0 QP I/P/B 22.6/23.3/nan IPPPPPPPPPPP 1.6s
x264_crf23_ref2        bandage_2      1670 kbps PSNR 40.43 slices 1-1 thr 1/0 QP I/P/B 22.5/25.0/nan IPPPPPPPPPPP 1.6s
x264_crf23_ref3        alley_1        1154 kbps PSNR 41.34 slices 1-1 thr 1/0 QP I/P/B 24.3/24.8/nan IPPPPPPPPPPP 1.6s
x264_crf23_ref3        ambush_5       1502 kbps PSNR 43.00 slices 1-1 thr 1/0 QP I/P/B 24.1/24.5/nan IPPPPPPPPPPP 1.9s
x264_crf23_ref3        ambush_7       1010 kbps PSNR 43.98 slices 1-1 thr 1/0 QP I/P/B 22.6/23.3/nan IPPPPPPPPPPP 1.7s
x264_crf23_ref3        bandage_2      1666 kbps PSNR 40.44 slices 1-1 thr 1/0 QP I/P/B 22.5/25.0/nan IPPPPPPPPPPP 1.6s
x264_crf23_ultrafast   alley_1        3353 kbps PSNR 39.90 slices 1-1 thr 1/0 QP I/P/B 20.0/23.9/nan IPPPPPPPPPPP 3.2s
x264_crf23_ultrafast   ambush_5       2566 kbps PSNR 41.80 slices 1-1 thr 1/0 QP I/P/B 20.0/24.3/nan IPPPPPPPPPPP 3.2s
x264_crf23_ultrafast   ambush_7       2256 kbps PSNR 43.95 slices 1-1 thr 1/0 QP I/P/B 20.0/22.4/nan IPPPPPPPPPPP 3.2s
x264_crf23_ultrafast   bandage_2      4009 kbps PSNR 40.83 slices 1-1 thr 1/0 QP I/P/B 20.0/23.7/nan IPPPPPPPPPPP 3.2s
x264_crf23_keyint30    alley_1        1289 kbps PSNR 41.35 slices 1-1 thr 1/0 QP I/P/B 22.9/24.8/nan IPPPPPPPPPPP 3.5s
x264_crf23_keyint30    ambush_5       1559 kbps PSNR 43.01 slices 1-1 thr 1/0 QP I/P/B 22.9/24.6/nan IPPPPPPPPPPP 3.6s
x264_crf23_keyint30    ambush_7       1102 kbps PSNR 43.98 slices 1-1 thr 1/0 QP I/P/B 21.7/23.3/nan IPPPPPPPPPPP 3.5s
x264_crf23_keyint30    bandage_2      1819 kbps PSNR 40.50 slices 1-1 thr 1/0 QP I/P/B 21.4/25.0/nan IPPPPPPPPPPP 3.6s
x264_crf23_umh16       alley_1        1182 kbps PSNR 41.14 slices 1-1 thr 1/0 QP I/P/B 24.3/24.8/nan IPPPPPPPPPPP 3.7s
x264_crf23_umh16       ambush_5       1524 kbps PSNR 42.93 slices 1-1 thr 1/0 QP I/P/B 24.1/24.6/nan IPPPPPPPPPPP 3.9s
x264_crf23_umh16       ambush_7       1052 kbps PSNR 43.88 slices 1-1 thr 1/0 QP I/P/B 22.6/23.2/nan IPPPPPPPPPPP 3.8s
x264_crf23_umh16       bandage_2      1683 kbps PSNR 40.39 slices 1-1 thr 1/0 QP I/P/B 22.5/24.8/nan IPPPPPPPPPPP 3.8s
x264_crf23_umh32       alley_1        1181 kbps PSNR 41.13 slices 1-1 thr 1/0 QP I/P/B 24.3/24.8/nan IPPPPPPPPPPP 4.1s
x264_crf23_umh32       ambush_5       1529 kbps PSNR 42.93 slices 1-1 thr 1/0 QP I/P/B 24.1/24.6/nan IPPPPPPPPPPP 4.3s
x264_crf23_umh32       ambush_7       1056 kbps PSNR 43.89 slices 1-1 thr 1/0 QP I/P/B 22.6/23.3/nan IPPPPPPPPPPP 4.1s
x264_crf23_umh32       bandage_2      1684 kbps PSNR 40.40 slices 1-1 thr 1/0 QP I/P/B 22.5/24.8/nan IPPPPPPPPPPP 3.9s
x264_crf23_umh64       alley_1        1183 kbps PSNR 41.14 slices 1-1 thr 1/0 QP I/P/B 24.3/24.8/nan IPPPPPPPPPPP 3.8s
x264_crf23_umh64       ambush_5       1528 kbps PSNR 42.93 slices 1-1 thr 1/0 QP I/P/B 24.1/24.6/nan IPPPPPPPPPPP 4.2s
x264_crf23_umh64       ambush_7       1054 kbps PSNR 43.88 slices 1-1 thr 1/0 QP I/P/B 22.6/23.2/nan IPPPPPPPPPPP 3.8s
x264_crf23_umh64       bandage_2      1685 kbps PSNR 40.40 slices 1-1 thr 1/0 QP I/P/B 22.5/24.8/nan IPPPPPPPPPPP 3.8s
x264_crf23_bf2         alley_1        1006 kbps PSNR 41.66 slices 1-1 thr 1/0 QP I/P/B 22.7/23.7/29.0 IBBPBBPBBPBB 1.7s
x264_crf23_bf2         ambush_5       1504 kbps PSNR 42.82 slices 1-1 thr 1/0 QP I/P/B 23.5/24.3/25.9 IBBPBBPBBPBB 1.8s
x264_crf23_bf2         ambush_7        849 kbps PSNR 43.97 slices 1-1 thr 1/0 QP I/P/B 21.8/22.9/25.2 IBBPBBPBBPBB 1.6s
x264_crf23_bf2         bandage_2      1477 kbps PSNR 40.08 slices 1-1 thr 1/0 QP I/P/B 21.6/24.1/29.5 IBBPBBPBBPBB 1.8s
x264_crf23_bf2_pb1     alley_1        1006 kbps PSNR 41.66 slices 1-1 thr 1/0 QP I/P/B 22.7/23.7/29.0 IBBPBBPBBPBB 1.7s
x264_crf23_bf2_pb1     ambush_5       1504 kbps PSNR 42.82 slices 1-1 thr 1/0 QP I/P/B 23.5/24.3/25.9 IBBPBBPBBPBB 1.8s
x264_crf23_bf2_pb1     ambush_7        849 kbps PSNR 43.97 slices 1-1 thr 1/0 QP I/P/B 21.8/22.9/25.2 IBBPBBPBBPBB 1.6s
x264_crf23_bf2_pb1     bandage_2      1477 kbps PSNR 40.08 slices 1-1 thr 1/0 QP I/P/B 21.6/24.1/29.5 IBBPBBPBBPBB 1.7s
x264_qp24              alley_1        1562 kbps PSNR 42.62 slices 1-1 thr 1/0 QP I/P/B 21.0/24.0/nan IPPPPPPPPPPP 3.8s
x264_qp24              ambush_5       1917 kbps PSNR 44.52 slices 1-1 thr 1/0 QP I/P/B 21.0/24.0/nan IPPPPPPPPPPP 3.7s
x264_qp24              ambush_7       1256 kbps PSNR 45.16 slices 1-1 thr 1/0 QP I/P/B 21.0/24.0/nan IPPPPPPPPPPP 3.5s
x264_qp24              bandage_2      2578 kbps PSNR 42.79 slices 1-1 thr 1/0 QP I/P/B 21.0/24.0/nan IPPPPPPPPPPP 3.8s
x264_qp24_bf2_pb1      alley_1        1513 kbps PSNR 43.01 slices 1-1 thr 1/0 QP I/P/B 21.0/24.0/24.0 IBBPBBPBBPBB 1.9s
x264_qp24_bf2_pb1      ambush_5       2006 kbps PSNR 44.55 slices 1-1 thr 1/0 QP I/P/B 21.0/24.0/24.0 IBBPBBPBBPBB 3.5s
x264_qp24_bf2_pb1      ambush_7       1111 kbps PSNR 45.29 slices 1-1 thr 1/0 QP I/P/B 21.0/24.0/24.0 IBBPBBPBBPBB 3.0s
x264_qp24_bf2_pb1      bandage_2      2668 kbps PSNR 42.94 slices 1-1 thr 1/0 QP I/P/B 21.0/24.0/24.0 IBBPBBPBBPBB 3.6s
nvenc_qp18             alley_1        3874 kbps PSNR 46.89 slices 1-1 thr None/None QP I/P/B 14.0/18.0/nan IPPPPPPPPPPP 5.8s
nvenc_qp18             ambush_5       4566 kbps PSNR 48.09 slices 1-1 thr None/None QP I/P/B 14.0/18.0/nan IPPPPPPPPPPP 5.7s
nvenc_qp18             ambush_7       2860 kbps PSNR 48.89 slices 1-1 thr None/None QP I/P/B 14.0/18.0/nan IPPPPPPPPPPP 5.3s
nvenc_qp18             bandage_2      5360 kbps PSNR 47.13 slices 1-1 thr None/None QP I/P/B 14.0/18.0/nan IPPPPPPPPPPP 5.7s
nvenc_qp23             alley_1        1906 kbps PSNR 43.34 slices 1-1 thr None/None QP I/P/B 18.0/23.0/nan IPPPPPPPPPPP 5.4s
nvenc_qp23             ambush_5       2337 kbps PSNR 45.10 slices 1-1 thr None/None QP I/P/B 18.0/23.0/nan IPPPPPPPPPPP 5.3s
nvenc_qp23             ambush_7       1464 kbps PSNR 45.91 slices 1-1 thr None/None QP I/P/B 18.0/23.0/nan IPPPPPPPPPPP 5.5s
nvenc_qp23             bandage_2      2958 kbps PSNR 43.65 slices 1-1 thr None/None QP I/P/B 18.0/23.0/nan IPPPPPPPPPPP 6.1s
nvenc_qp28             alley_1        1001 kbps PSNR 40.27 slices 1-1 thr None/None QP I/P/B 22.0/28.0/nan IPPPPPPPPPPP 5.8s
nvenc_qp28             ambush_5       1249 kbps PSNR 42.56 slices 1-1 thr None/None QP I/P/B 22.0/28.0/nan IPPPPPPPPPPP 5.4s
nvenc_qp28             ambush_7        771 kbps PSNR 43.28 slices 1-1 thr None/None QP I/P/B 22.0/28.0/nan IPPPPPPPPPPP 5.5s
nvenc_qp28             bandage_2      1597 kbps PSNR 40.45 slices 1-1 thr None/None QP I/P/B 22.0/28.0/nan IPPPPPPPPPPP 6.0s
nvenc_qp33             alley_1         541 kbps PSNR 37.21 slices 1-1 thr None/None QP I/P/B 26.0/33.0/nan IPPPPPPPPPPP 3.8s
nvenc_qp33             ambush_5        698 kbps PSNR 39.99 slices 1-1 thr None/None QP I/P/B 26.0/33.0/nan IPPPPPPPPPPP 3.1s
nvenc_qp33             ambush_7        399 kbps PSNR 40.51 slices 1-1 thr None/None QP I/P/B 26.0/33.0/nan IPPPPPPPPPPP 3.5s
nvenc_qp33             bandage_2       827 kbps PSNR 37.13 slices 1-1 thr None/None QP I/P/B 26.0/33.0/nan IPPPPPPPPPPP 3.2s
nvenc_qp38             alley_1         304 kbps PSNR 34.39 slices 1-1 thr None/None QP I/P/B 30.0/38.0/nan IPPPPPPPPPPP 3.2s
nvenc_qp38             ambush_5        403 kbps PSNR 37.55 slices 1-1 thr None/None QP I/P/B 30.0/38.0/nan IPPPPPPPPPPP 3.1s
nvenc_qp38             ambush_7        222 kbps PSNR 37.97 slices 1-1 thr None/None QP I/P/B 30.0/38.0/nan IPPPPPPPPPPP 5.3s
nvenc_qp38             bandage_2       433 kbps PSNR 33.97 slices 1-1 thr None/None QP I/P/B 30.0/38.0/nan IPPPPPPPPPPP 5.4s
nvenc_qp45             alley_1         171 kbps PSNR 30.93 slices 1-1 thr None/None QP I/P/B 36.0/45.0/nan IPPPPPPPPPPP 5.2s
nvenc_qp45             ambush_5        207 kbps PSNR 34.04 slices 1-1 thr None/None QP I/P/B 36.0/45.0/nan IPPPPPPPPPPP 5.0s
nvenc_qp45             ambush_7        118 kbps PSNR 34.24 slices 1-1 thr None/None QP I/P/B 36.0/45.0/nan IPPPPPPPPPPP 5.2s
nvenc_qp45             bandage_2       193 kbps PSNR 30.11 slices 1-1 thr None/None QP I/P/B 36.0/45.0/nan IPPPPPPPPPPP 5.4s
nvenc_qp28_bf2         alley_1         695 kbps PSNR 39.81 slices 1-1 thr None/None QP I/P/B 22.0/28.2/36.0 IBBPBBPBBPBB 2.3s
nvenc_qp28_bf2         ambush_5        944 kbps PSNR 40.75 slices 1-1 thr None/None QP I/P/B 22.0/28.2/36.0 IBBPBBPBBPBB 2.0s
nvenc_qp28_bf2         ambush_7        514 kbps PSNR 42.08 slices 1-1 thr None/None QP I/P/B 22.0/28.0/36.0 IBBPBBPBBPBB 2.0s
nvenc_qp28_bf2         bandage_2      1152 kbps PSNR 38.87 slices 1-1 thr None/None QP I/P/B 22.0/28.1/36.0 IBBPBBPBBPBB 2.3s
nvenc_qp28_bf2_bqeq    alley_1        1060 kbps PSNR 41.00 slices 1-1 thr None/None QP I/P/B 22.0/28.0/28.0 IBBPBBPBBPBB 1.4s
nvenc_qp28_bf2_bqeq    ambush_5       1414 kbps PSNR 42.76 slices 1-1 thr None/None QP I/P/B 22.0/28.0/28.0 IBBPBBPBBPBB 1.2s
nvenc_qp28_bf2_bqeq    ambush_7        794 kbps PSNR 43.61 slices 1-1 thr None/None QP I/P/B 22.0/28.0/28.0 IBBPBBPBBPBB 1.2s
nvenc_qp28_bf2_bqeq    bandage_2      1743 kbps PSNR 40.65 slices 1-1 thr None/None QP I/P/B 22.0/28.0/28.0 IBBPBBPBBPBB 1.3s
mpeg4_q2               alley_1        5431 kbps PSNR 44.23 slices 1-1 thr None/None QP I/P/B 4.0/4.0/nan IPPPPPPPPPPP 4.2s
mpeg4_q2               ambush_5       5295 kbps PSNR 45.30 slices 1-1 thr None/None QP I/P/B 4.0/4.0/nan IPPPPPPPPPPP 5.4s
mpeg4_q2               ambush_7       3588 kbps PSNR 46.24 slices 1-1 thr None/None QP I/P/B 4.0/4.0/nan IPPPPPPPPPPP 4.1s
mpeg4_q2               bandage_2      6964 kbps PSNR 44.60 slices 1-1 thr None/None QP I/P/B 4.0/4.0/nan IPPPPPPPPPPP 3.2s
mpeg4_q4               alley_1        2381 kbps PSNR 40.59 slices 1-1 thr None/None QP I/P/B 8.0/8.0/nan IPPPPPPPPPPP 3.0s
mpeg4_q4               ambush_5       2538 kbps PSNR 41.85 slices 1-1 thr None/None QP I/P/B 8.0/8.0/nan IPPPPPPPPPPP 3.0s
mpeg4_q4               ambush_7       1748 kbps PSNR 42.53 slices 1-1 thr None/None QP I/P/B 8.0/8.0/nan IPPPPPPPPPPP 3.0s
mpeg4_q4               bandage_2      3275 kbps PSNR 40.49 slices 1-1 thr None/None QP I/P/B 8.0/8.0/nan IPPPPPPPPPPP 3.4s
mpeg4_q8               alley_1        1019 kbps PSNR 37.03 slices 1-1 thr None/None QP I/P/B 16.0/16.0/nan IPPPPPPPPPPP 3.1s
mpeg4_q8               ambush_5       1267 kbps PSNR 38.77 slices 1-1 thr None/None QP I/P/B 16.0/16.0/nan IPPPPPPPPPPP 3.1s
mpeg4_q8               ambush_7        831 kbps PSNR 39.07 slices 1-1 thr None/None QP I/P/B 16.0/16.0/nan IPPPPPPPPPPP 3.1s
mpeg4_q8               bandage_2      1411 kbps PSNR 36.59 slices 1-1 thr None/None QP I/P/B 16.0/16.0/nan IPPPPPPPPPPP 3.3s
mpeg4_q16              alley_1         512 kbps PSNR 33.86 slices 1-1 thr None/None QP I/P/B 32.0/32.0/nan IPPPPPPPPPPP 3.5s
mpeg4_q16              ambush_5        766 kbps PSNR 36.18 slices 1-1 thr None/None QP I/P/B 32.0/32.0/nan IPPPPPPPPPPP 3.3s
mpeg4_q16              ambush_7        476 kbps PSNR 36.18 slices 1-1 thr None/None QP I/P/B 32.0/32.0/nan IPPPPPPPPPPP 3.4s
mpeg4_q16              bandage_2       624 kbps PSNR 33.14 slices 1-1 thr None/None QP I/P/B 32.0/32.0/nan IPPPPPPPPPPP 3.4s
mpeg4_q31              alley_1         375 kbps PSNR 31.44 slices 1-1 thr None/None QP I/P/B 62.0/62.0/nan IPPPPPPPPPPP 3.3s
mpeg4_q31              ambush_5        642 kbps PSNR 34.09 slices 1-1 thr None/None QP I/P/B 62.0/62.0/nan IPPPPPPPPPPP 3.1s
mpeg4_q31              ambush_7        404 kbps PSNR 33.72 slices 1-1 thr None/None QP I/P/B 62.0/62.0/nan IPPPPPPPPPPP 3.1s
mpeg4_q31              bandage_2       392 kbps PSNR 30.36 slices 1-1 thr None/None QP I/P/B 62.0/62.0/nan IPPPPPPPPPPP 3.1s
x264_crf23_veryslow    alley_1        1104 kbps PSNR 41.02 slices 1-1 thr 1/0 QP I/P/B 25.7/26.6/nan IPPPPPPPPPPP 5.4s
x264_crf23_veryslow    ambush_5       1453 kbps PSNR 42.81 slices 1-1 thr 1/0 QP I/P/B 25.5/26.6/nan IPPPPPPPPPPP 6.4s
x264_crf23_veryslow    ambush_7        966 kbps PSNR 43.72 slices 1-1 thr 1/0 QP I/P/B 23.8/25.5/nan IPPPPPPPPPPP 8.2s
x264_crf23_veryslow    bandage_2      1589 kbps PSNR 40.35 slices 1-1 thr 1/0 QP I/P/B 23.9/27.2/nan IPPPPPPPPPPP 9.1s
done in 507s, failures: 0
